
Initial statistics: 5 variables; iteration 0; function evaluation 0; phase 1
Function value 7.5315528e+03; maximum gradient component mag 9.6780e+03
Var    Value     Gradient |Var    Value     Gradient |Var    Value     Gradient
  1 -0.06606  9.59345e+02 |  2 -0.75264 -9.73907e+00 |  3 -0.35783  9.67796e+03
  4 -0.38723 -3.67830e+03 |  5 -0.43851  3.14986e+02 |

 - final statistics:
5 variables; iteration 9; function evaluation 17
Function value 7.5004e+03; maximum gradient component mag 2.0360e+00
Exit code = 1;  converg criter 1.0000e+01
Var    Value     Gradient |Var    Value     Gradient |Var    Value     Gradient
  1 -0.06368  1.38537e+00 |  2 -0.73982 -3.31330e-03 |  3 -0.36224  2.03603e+00
  4 -0.38118  2.27353e-01 |  5 -0.43709  3.18557e-01 |

Initial statistics: 23 variables; iteration 0; function evaluation 0; phase 2
Function value 7.5003650e+03; maximum gradient component mag -7.4025e+02
Var    Value     Gradient |Var    Value     Gradient |Var    Value     Gradient
  1 -0.06368  1.38537e+00 |  2 -0.73982 -3.31330e-03 |  3 -0.36224  2.03603e+00
  4  0.00000 -1.27132e-01 |  5 -0.00000 -3.93613e-01 |  6 -0.38118  2.27353e-01
  7 -0.50535  1.37717e+02 |  8 -0.57124 -5.58579e+02 |  9 -0.43709  3.18557e-01
 10  0.00000  1.38083e-05 | 11  0.00000 -4.19547e-02 | 12  0.00000  0.00000e+00
 13 -0.27149 -4.03873e+01 | 14 -0.00000 -3.49415e-09 | 15 -0.69325 -5.32367e+00
 16 -0.42246  3.51421e+01 | 17 -0.56062  4.46470e+01 | 18 -0.71278  4.28660e+02
 19 -0.51373 -7.40247e+02 | 20  0.00000  0.00000e+00 | 21 -0.46873  7.66574e+01
 22 -0.00000 -3.49415e-09 | 23 -0.60180 -9.84356e+01 |

 - final statistics:
23 variables; iteration 20; function evaluation 30
Function value 7.4808e+03; maximum gradient component mag 3.5666e+00
Exit code = 1;  converg criter 1.0000e+01
Var    Value     Gradient |Var    Value     Gradient |Var    Value     Gradient
  1 -0.06411  1.92984e+00 |  2 -0.73944 -1.79262e-01 |  3 -0.36243 -3.72239e-01
  4  0.02075 -2.06444e-02 |  5  0.06217 -3.32083e-02 |  6 -0.38128 -1.45038e+00
  7 -0.50212  7.57152e-02 |  8 -0.55708  1.19586e+00 |  9 -0.43239  3.56660e+00
 10 -0.00000  1.14892e-05 | 11  0.00254 -3.36499e-02 | 12  0.00000  0.00000e+00
 13 -0.21899  1.64916e-01 | 14 -0.00000 -7.61592e-10 | 15 -0.68815  9.57529e-02
 16 -0.46412 -3.94839e-01 | 17 -0.53039  5.38234e-01 | 18 -0.72817 -1.96006e+00
 19 -0.49312 -9.33326e-01 | 20  0.00000  0.00000e+00 | 21 -0.58373  2.54962e-01
 22 -0.00000 -7.61592e-10 | 23 -0.60429 -2.70166e-01 |

Initial statistics: 151 variables; iteration 0; function evaluation 0; phase 3
Function value 7.4808423e+03; maximum gradient component mag -5.1041e+03
Var    Value     Gradient |Var    Value     Gradient |Var    Value     Gradient
  1 -0.06411  1.92984e+00 |  2  0.00000  4.75325e+02 |  3  0.00000  3.53415e+03
  4  0.00000  3.56148e+03 |  5  0.00000  3.26475e+01 |  6  0.00000 -3.73339e+03
  7  0.00000 -4.03946e+03 |  8  0.00000  2.72518e+03 |  9  0.00000 -1.44828e+02
 10  0.00000  3.54674e+03 | 11  0.00000 -2.03602e+03 | 12  0.00000 -3.85381e+03
 13  0.00000  3.50914e+03 | 14  0.00000  1.97710e+03 | 15  0.00000 -2.76674e+03
 16  0.00000  2.19917e+03 | 17  0.00000  8.61556e+02 | 18  0.00000 -2.69995e+03
 19  0.00000  2.65565e+03 | 20  0.00000  1.42916e+03 | 21  0.00000  1.43765e+03
 22  0.00000  1.88425e+03 | 23  0.00000  2.87791e+03 | 24  0.00000  2.67958e+03
 25  0.00000  1.28490e+03 | 26  0.00000  5.66917e+02 | 27  0.00000 -8.15632e+01
 28  0.00000 -5.57036e+02 | 29  0.00000 -3.81256e+02 | 30  0.00000 -4.93012e+02
 31  0.00000 -1.10416e+03 | 32  0.00000 -1.80322e+03 | 33  0.00000 -2.86468e+03
 34  0.00000 -2.67564e+03 | 35  0.00000 -1.82911e+03 | 36  0.00000 -1.80849e+03
 37  0.00000 -2.82196e+02 | 38  0.00000  6.59657e+02 | 39  0.00000 -1.23452e+03
 40  0.00000  2.11273e+02 | 41  0.00000 -8.30684e+02 | 42  0.00000  3.51852e+02
 43  0.00000 -5.40387e+02 | 44  0.00000 -9.18939e+02 | 45  0.00000 -1.18136e+03
 46  0.00000  3.04512e+02 | 47  0.00000  1.24205e+03 | 48  0.00000 -9.59888e+01
 49  0.00000 -4.82764e+02 | 50  0.00000 -6.53745e+02 | 51  0.00000  6.39102e+02
 52  0.00000 -1.53183e+02 | 53  0.00000 -9.12436e+02 | 54  0.00000  3.84870e+01
 55  0.00000  5.37900e+02 | 56  0.00000 -1.81241e+02 | 57  0.00000 -2.90655e+02
 58  0.00000  9.42346e+02 | 59  0.00000  3.93523e+02 | 60  0.00000  2.88108e+02
 61  0.00000 -1.28787e+03 | 62  0.00000 -4.37049e+01 | 63  0.00000  6.21012e+02
 64  0.00000  2.12894e+02 | 65  0.00000 -6.41947e+02 | 66  0.00000 -4.33154e+02
 67  0.00000 -5.93717e+02 | 68  0.00000  3.61089e+02 | 69  0.00000  6.40541e+01
 70  0.00000 -3.08787e+02 | 71  0.00000 -3.62249e+02 | 72  0.00000  1.02919e+01
 73  0.00000  4.27274e+01 | 74  0.00000  9.74369e+01 | 75  0.00000  8.70904e+02
 76  0.00000  2.76790e+02 | 77  0.00000  1.31416e+02 | 78  0.00000  1.09673e+03
 79  0.00000  2.41036e+02 | 80  0.00000  3.71483e+02 | 81  0.00000  4.64847e+02
 82  0.00000  5.66707e+02 | 83  0.00000  2.75754e+02 | 84  0.00000 -4.41366e+02
 85  0.00000 -3.54539e+02 | 86  0.00000  2.38132e+02 | 87  0.00000 -5.10003e+02
 88  0.00000  7.81259e+02 | 89  0.00000 -4.43690e+02 | 90  0.00000 -3.40123e+02
 91  0.00000  2.54169e+02 | 92  0.00000  2.28982e+00 | 93  0.00000  2.44011e+00
 94 -0.73944 -1.79262e-01 | 95 -0.46075 -6.37035e+01 | 96 -0.71566 -2.53931e+02
 97 -0.12527 -9.55313e+00 | 98 -0.13003 -1.95901e+01 | 99 -0.38718 -5.47772e+00
100 -0.57542 -3.82728e+00 |101 -0.36243 -3.72239e-01 |102  0.19000 -7.56497e-01
103  0.05759 -3.60175e+03 |104  0.14218 -5.10407e+03 |105  0.23047 -2.59974e+03
106  0.02075 -2.06444e-02 |107  0.06217 -3.32083e-02 |108 -0.58973  1.28143e+02
109 -0.60893 -2.32743e+01 |110 -0.38128 -1.45038e+00 |111  0.00000 -1.46249e-07
112  0.43975 -2.77545e+02 |113 -0.13971 -4.64248e+03 |114 -0.00006 -2.92970e-02
115 -0.50212  7.57152e-02 |116 -0.55708  1.19586e+00 |117  0.11300  3.21270e+01
118  0.00298  9.82544e+02 |119 -0.43239  3.56660e+00 |120  0.14399  2.24198e+02
121  0.00000  1.39044e-39 |122 -0.01726 -2.13021e+02 |123 -0.03067 -7.39656e-01
124 -0.00000  1.14892e-05 |125  0.00254 -3.36499e-02 |126 -0.59879  2.58466e-02
127 -0.48855 -1.92584e+00 |128  0.00000  0.00000e+00 |129 -0.21899  1.64916e-01
130 -0.00000 -7.61592e-10 |131 -0.68815  9.57529e-02 |132  0.00000  0.00000e+00
133  0.07753  5.99392e+02 |134  0.00000  0.00000e+00 |135  0.00200 -1.38638e+02
136 -0.46412 -3.94839e-01 |137 -0.53039  5.38234e-01 |138 -0.72817 -1.96006e+00
139 -0.49312 -9.33326e-01 |140  0.13419  3.91506e+00 |141  0.17479  5.84258e+00
142  0.00099  8.52974e+02 |143  0.00148  2.44630e+03 |144  0.00000  0.00000e+00
145 -0.58373  2.54962e-01 |146 -0.00000 -7.61592e-10 |147 -0.60429 -2.70166e-01
148  0.00000  0.00000e+00 |149  0.20105  1.71805e+01 |150  0.00000  0.00000e+00
151 -0.00245 -2.22881e+02 |

Intermediate statistics: 151 variables; iteration 20; function evaluation 28; phase 3
Function value 6.2115575e+03; maximum gradient component mag -2.1213e+04
Var    Value     Gradient |Var    Value     Gradient |Var    Value     Gradient
  1 -0.10396 -1.02813e+02 |  2 -0.02920  4.07781e+01 |  3 -0.02461 -3.92764e+02
  4 -0.02917 -7.91460e+02 |  5 -0.00569 -2.33953e+02 |  6  0.01771  6.18774e+02
  7  0.01750  5.27684e+02 |  8 -0.04247 -8.09955e+01 |  9 -0.00113 -9.20366e+02
 10 -0.04889 -2.28701e+02 | 11 -0.00109  1.00624e+02 | 12  0.02377  2.38213e+02
 13 -0.04620  3.40986e+01 | 14 -0.02204 -3.52021e+02 | 15  0.02613  2.54524e+02
 16 -0.02135  1.39374e+02 | 17 -0.01120 -2.09276e+02 | 18  0.02069 -1.47776e+02
 19 -0.02615 -8.45136e+01 | 20 -0.01240 -1.01959e+03 | 21 -0.01154 -1.06070e+03
 22  0.03266 -7.65055e+02 | 23 -0.02303 -6.27622e+02 | 24 -0.03785  4.63223e+01
 25 -0.04320  1.38300e+02 | 26 -0.02347  9.91709e+01 | 27 -0.02075  1.97373e+02
 28  0.03664  2.20322e+02 | 29 -0.01807  1.86681e+02 | 30 -0.02115  6.76624e+01
 31 -0.00439  3.51250e+01 | 32 -0.01889  3.16891e+01 | 33  0.06109  2.28147e+02
 34  0.00430  1.01127e+02 | 35  0.00891  4.02156e+02 | 36  0.01366 -8.61241e+00
 37 -0.00407  1.28422e+02 | 38 -0.02313  1.42487e+02 | 39  0.01193 -1.97637e+02
 40 -0.01667  2.19690e+01 | 41  0.03430 -1.00914e+02 | 42 -0.03664  2.01217e-01
 43  0.02182  6.44203e+01 | 44  0.02093 -1.07218e+01 | 45  0.04374  7.46429e+01
 46 -0.02182 -2.46020e+01 | 47 -0.05258  5.39835e+01 | 48  0.00662  1.16257e+02
 49  0.01029  5.62445e+01 | 50  0.02954  1.26557e+02 | 51 -0.03862  3.73171e+01
 52  0.00182  5.71087e+01 | 53  0.04307  1.59106e+02 | 54 -0.00248  3.57394e+01
 55 -0.01868  5.62388e+01 | 56  0.00710  8.38345e+01 | 57  0.02195  8.99816e+01
 58 -0.05192  4.98152e+01 | 59  0.00118  1.65789e+02 | 60 -0.03442 -6.09408e+00
 61  0.05055  1.58424e+02 | 62 -0.00039  4.85494e+01 | 63 -0.01781  9.27264e+01
 64 -0.00692  1.11116e+02 | 65  0.02964  1.55518e+02 | 66  0.01272  7.82119e+01
 67  0.03384  1.71188e+02 | 68 -0.01755  7.86287e+01 | 69  0.00699  1.41522e+02
 70  0.01483  1.21952e+02 | 71  0.01784  1.12042e+02 | 72  0.00058  7.94691e+01
 73 -0.00033  9.58803e+01 | 74  0.00375  1.03640e+02 | 75 -0.04185  3.16954e+01
 76 -0.01273  6.43236e+01 | 77 -0.00168  5.64569e+01 | 78 -0.06226 -2.05248e+00
 79 -0.00905  7.19632e+01 | 80 -0.01520  6.02431e+01 | 81 -0.01707  9.63317e+01
 82 -0.01794  1.07970e+02 | 83 -0.01104  9.34904e+01 | 84  0.01725  1.17061e+02
 85  0.02799  1.50489e+02 | 86 -0.01640  5.29743e+01 | 87  0.03781  1.72561e+02
 88 -0.04598  1.89155e+01 | 89  0.02654  5.80587e+01 | 90  0.02617  3.36710e+01
 91 -0.03700 -2.52240e+01 | 92 -0.00102  5.57699e+00 | 93 -0.00093  4.90659e+00
 94 -0.73572 -2.30315e+01 | 95 -0.46072 -4.70785e-01 | 96 -0.71458 -5.72640e+00
 97 -0.12694  7.21466e+00 | 98 -0.12934 -2.34836e+00 | 99 -0.38733 -5.72682e-01
100 -0.57540  3.22320e-01 |101 -0.35255  1.32147e+04 |102  0.18999 -6.93195e-01
103  0.05131 -2.12129e+04 |104  0.13836 -6.42031e+03 |105  0.25544  5.61063e+03
106  0.02072  1.06034e-01 |107  0.06209  3.53567e-01 |108 -0.58922 -3.38891e+00
109 -0.60887  7.01413e-01 |110 -0.40147  2.45226e+02 |111 -0.00000  3.48892e-07
112  0.44699 -1.77011e+02 |113 -0.12484  1.72477e+02 |114 -0.00006 -2.20404e-02
115 -0.47537  1.34768e+02 |116 -0.55483 -2.27718e+02 |117  0.10744  2.50245e+01
118  0.00338  6.35629e+03 |119 -0.45334  9.36142e+02 |120  0.14888  1.36380e+03
121  0.00000 -1.30456e-38 |122 -0.00955  4.22538e+02 |123 -0.03057 -7.70527e-01
124 -0.00000 -2.74806e-05 |125  0.00252 -1.68440e-01 |126 -0.59878  4.23095e-01
127 -0.48481 -3.08223e+01 |128  0.00000  0.00000e+00 |129 -0.22185  7.61825e+01
130 -0.00000 -7.60732e-10 |131 -0.68965 -1.11327e+01 |132  0.00000  0.00000e+00
133  0.07340 -5.92335e+02 |134  0.00000  0.00000e+00 |135  0.00356  2.34580e+03
136 -0.43972 -2.34704e+02 |137 -0.52151 -1.70744e+02 |138 -0.72599  2.76234e+02
139 -0.49786  2.67423e+02 |140  0.13295  7.95559e+00 |141  0.17506 -4.01280e+00
142 -0.00091 -7.93531e+03 |143 -0.00050 -7.32217e+03 |144  0.00000  0.00000e+00
145 -0.58163 -8.21357e+01 |146 -0.00000 -7.60732e-10 |147 -0.60148  5.87187e+01
148  0.00000  0.00000e+00 |149  0.19958  2.04677e+00 |150  0.00000  0.00000e+00
151 -0.00726 -4.18407e+03 |
151 variables; iteration 40; function evaluation 51; phase 3
Function value 6.1941969e+03; maximum gradient component mag -1.9575e+04
Var    Value     Gradient |Var    Value     Gradient |Var    Value     Gradient
  1 -0.09027 -4.85868e+02 |  2 -0.04221  9.27299e+01 |  3 -0.02836 -4.67846e+02
  4 -0.03715 -9.65952e+02 |  5 -0.01177 -1.83771e+02 |  6  0.01197  8.28409e+02
  7  0.01161  5.36751e+02 |  8 -0.05012 -7.56393e+01 |  9 -0.00568 -6.20444e+02
 10 -0.05315 -1.36465e+02 | 11 -0.00842 -1.41767e+02 | 12  0.01757  2.96271e+02
 13 -0.05277  9.74340e+01 | 14 -0.02974 -4.21492e+02 | 15  0.01652 -1.52444e+02
 16 -0.03203 -6.70965e+01 | 17 -0.01910 -1.12961e+02 | 18  0.01367  1.41537e+02
 19 -0.03722 -2.46121e+02 | 20 -0.02248 -1.36546e+03 | 21 -0.02306 -1.44970e+03
 22  0.02265 -1.14006e+03 | 23 -0.03049 -8.40344e+02 | 24 -0.04854 -1.82953e+02
 25 -0.05538  6.24442e+01 | 26 -0.02938  1.15732e+02 | 27 -0.03679  1.48313e+02
 28  0.02969  1.99689e+02 | 29 -0.03604  1.21427e+02 | 30 -0.02815  7.31682e+01
 31 -0.01129  5.27020e+01 | 32 -0.03578 -3.89719e+01 | 33  0.05161  1.66488e+02
 34 -0.00415  7.38793e+01 | 35 -0.00061  3.89308e+02 | 36  0.00472 -3.35187e+00
 37 -0.01376  1.26912e+02 | 38 -0.03254  1.68942e+02 | 39  0.00286 -1.25520e+02
 40 -0.02752 -2.39538e+01 | 41  0.02333 -2.32248e+02 | 42 -0.04658 -5.79507e+01
 43  0.01142 -7.33674e+01 | 44  0.01176 -1.31737e+02 | 45  0.03439 -1.04649e+02
 46 -0.03007 -9.50410e+01 | 47 -0.06516 -1.95516e+01 | 48 -0.00334  4.19347e+01
 49  0.00115  3.02578e+00 | 50  0.01955  4.45008e+01 | 51 -0.04920  9.57883e+00
 52 -0.00443  6.11258e+01 | 53  0.03600  1.47117e+02 | 54 -0.00736  4.22948e+01
 55 -0.02494  5.35199e+01 | 56  0.00012  9.93072e+01 | 57  0.01674  1.40887e+02
 58 -0.05995  3.07859e+01 | 59 -0.00570  1.77129e+02 | 60 -0.03831  4.37549e+01
 61  0.04490  3.36235e+02 | 62 -0.00570  7.96893e+01 | 63 -0.02651  4.08981e+01
 64 -0.01538  4.58740e+01 | 65  0.02224  1.36100e+02 | 66  0.00700  8.31700e+01
 67  0.02643  1.43727e+02 | 68 -0.02240  8.09191e+01 | 69 -0.00077  1.18287e+02
 70  0.00880  1.47830e+02 | 71  0.01220  1.77173e+02 | 72 -0.00498  1.43449e+02
 73 -0.00619  1.71447e+02 | 74 -0.00178  1.96375e+02 | 75 -0.04622  9.38256e+01
 76 -0.01875  1.68327e+02 | 77 -0.00652  2.00824e+02 | 78 -0.06602  5.70646e+01
 79 -0.01498  1.58067e+02 | 80 -0.02024  1.28896e+02 | 81 -0.02392  1.00426e+02
 82 -0.02499  8.20377e+01 | 83 -0.01778  6.84961e+01 | 84  0.01093  9.53339e+01
 85  0.02035  6.52548e+01 | 86 -0.02212  2.73272e+01 | 87  0.03019  8.91838e+01
 88 -0.05290 -9.15615e+00 | 89  0.01969  9.48832e+01 | 90  0.02022  3.59711e+01
 91 -0.09674 -1.21568e+02 | 92 -0.00830 -2.05209e-01 | 93 -0.00747 -2.38440e-01
 94 -0.70709 -1.27599e+01 | 95 -0.47049 -1.02379e+00 | 96 -0.72318 -5.11678e+00
 97 -0.14227  7.11586e+00 | 98 -0.12405 -2.33664e+00 | 99 -0.38868 -3.21000e-01
100 -0.57643  3.14227e-01 |101 -0.35183  1.15768e+04 |102  0.18983 -8.19784e-01
103  0.05171 -1.95745e+04 |104  0.13820 -6.82915e+03 |105  0.25563  5.28550e+03
106  0.02046  1.01090e-01 |107  0.06124  3.33752e-01 |108 -0.53114  4.78211e-01
109 -0.61591  6.49265e-02 |110 -0.41352  1.58610e+03 |111 -0.00000  1.68330e-06
112  0.44249 -1.70452e+02 |113 -0.12164  3.96173e+03 |114 -0.00001 -2.25485e-02
115 -0.46352  2.11746e+02 |116 -0.55365 -2.76348e+02 |117  0.06345  1.45570e+01
118  0.00319  7.58209e+03 |119 -0.48412  9.02904e+02 |120  0.15196  1.37434e+03
121  0.00000  7.10196e-39 |122 -0.00195  4.55206e+02 |123 -0.02962 -1.18066e+00
124  0.00000 -6.85974e-04 |125  0.00109  1.27690e+00 |126 -0.59878  5.21538e-01
127 -0.44219 -2.44284e+01 |128  0.00000  0.00000e+00 |129 -0.24548  5.78002e+01
130 -0.00000 -7.52646e-10 |131 -0.69137 -9.25344e+00 |132  0.00000  0.00000e+00
133  0.07475 -5.02997e+02 |134  0.00000  0.00000e+00 |135  0.00359  1.95497e+03
136 -0.33794 -9.40805e+01 |137 -0.47703 -9.71947e+01 |138 -0.71635  2.48206e+02
139 -0.49302  2.58256e+02 |140  0.11942  8.66091e+00 |141  0.18126 -5.29741e+00
142 -0.00240 -7.23078e+03 |143 -0.00113 -7.03369e+03 |144  0.00000  0.00000e+00
145 -0.55145 -8.44141e+01 |146 -0.00000 -7.52646e-10 |147 -0.59760  5.91993e+01
148  0.00000  0.00000e+00 |149  0.20123 -1.68654e+00 |150  0.00000  0.00000e+00
151 -0.00734 -4.24445e+03 |
151 variables; iteration 60; function evaluation 71; phase 3
Function value 6.1883439e+03; maximum gradient component mag -1.8829e+04
Var    Value     Gradient |Var    Value     Gradient |Var    Value     Gradient
  1 -0.09224 -2.93587e+03 |  2 -0.04249  6.74573e+01 |  3 -0.02667 -3.47772e+02
  4 -0.03673 -9.61193e+02 |  5 -0.01004 -5.57071e+01 |  6  0.01216  7.71977e+02
  7  0.01389  7.82229e+02 |  8 -0.05133 -1.72258e+02 |  9 -0.00443 -5.66181e+02
 10 -0.05361 -1.79662e+02 | 11 -0.00854 -2.04780e+02 | 12  0.01637  2.20719e+01
 13 -0.05394 -1.76726e+01 | 14 -0.02970 -4.65455e+02 | 15  0.01701 -2.81474e+02
 16 -0.03191 -1.92091e+02 | 17 -0.01914 -2.97359e+02 | 18  0.01524 -1.71932e+00
 19 -0.03692 -3.78761e+02 | 20 -0.02060 -1.37389e+03 | 21 -0.02073 -1.43729e+03
 22  0.02426 -1.51941e+03 | 23 -0.03077 -1.08472e+03 | 24 -0.04841 -4.03810e+02
 25 -0.05587 -3.84583e+00 | 26 -0.02708  1.24627e+02 | 27 -0.03976  1.49707e+02
 28  0.03309  3.17519e+02 | 29 -0.03687  1.45007e+02 | 30 -0.02708  7.27774e+01
 31 -0.01384  2.50534e+01 | 32 -0.02748  1.24002e+01 | 33  0.05168  1.41159e+02
 34 -0.00345  3.09630e+01 | 35 -0.00059  3.10182e+02 | 36  0.00538 -7.80184e+01
 37 -0.01264  1.26301e+02 | 38 -0.03184  1.96254e+02 | 39  0.00567  9.27235e+01
 40 -0.02677  3.18592e+01 | 41  0.02544 -1.10895e+02 | 42 -0.04760 -4.60120e+01
 43  0.01339  1.73424e+01 | 44  0.01418 -3.41454e+01 | 45  0.03540 -3.22266e+01
 46 -0.02867 -7.75376e+01 | 47 -0.06550 -3.25833e+01 | 48 -0.00265  3.17608e+01
 49  0.00207 -4.50280e+00 | 50  0.02004  5.82008e+00 | 51 -0.05066 -2.55918e+01
 52 -0.00234  4.47673e+01 | 53  0.03773  1.05198e+02 | 54 -0.00534  8.92581e+00
 55 -0.02345  2.53644e+01 | 56  0.00280  1.06703e+02 | 57  0.01952  1.28961e+02
 58 -0.05868  6.88688e-02 | 59 -0.00496  5.93814e+01 | 60 -0.03723 -2.63498e+01
 61  0.04545  1.18539e+02 | 62 -0.00446 -2.35595e+01 | 63 -0.02536 -3.35502e+01
 64 -0.01335 -1.48717e+01 | 65  0.02428  5.32208e+01 | 66  0.00901  3.46921e+00
 67  0.02811  1.47842e+01 | 68 -0.02143  6.16461e+00 | 69  0.00110  3.97044e+01
 70  0.01098  7.44774e+01 | 71  0.01426  1.01805e+02 | 72 -0.00310  7.86405e+01
 73 -0.00452  1.00686e+02 | 74  0.00038  1.15411e+02 | 75 -0.04568  2.80426e+01
 76 -0.01674  1.17016e+02 | 77 -0.00361  1.50524e+02 | 78 -0.06733 -6.33094e+00
 79 -0.01205  1.39644e+02 | 80 -0.01847  7.92368e+01 | 81 -0.02225  4.32681e+01
 82 -0.02386  7.52877e+00 | 83 -0.01658 -1.55025e+00 | 84  0.01265  3.44571e+01
 85  0.02238 -1.16952e+01 | 86 -0.02094 -2.14330e+01 | 87  0.03133 -2.37799e+00
 88 -0.04908 -1.16916e+01 | 89  0.02199  1.16615e+02 | 90  0.02226  3.93328e+01
 91 -0.09137 -1.15118e+02 | 92 -0.00775  1.15295e+00 | 93 -0.00688  1.02713e+00
 94 -0.63938  3.70644e-01 | 95 -0.49865 -3.10327e+00 | 96 -0.74407 -5.14714e+00
 97 -0.20298  6.74071e+00 | 98 -0.10244 -1.81354e+00 | 99 -0.39403 -5.09643e-01
100 -0.58058  3.34342e-01 |101 -0.35198  1.03783e+04 |102  0.18920 -9.47583e-01
103  0.05123 -1.88293e+04 |104  0.13864 -7.15169e+03 |105  0.25576  5.00662e+03
106  0.01940  1.14728e-01 |107  0.05752  5.50857e-01 |108 -0.38988  2.23071e+00
109 -0.64426  3.07883e+00 |110 -0.41501  1.30642e+03 |111 -0.00000  1.45434e-06
112  0.44133  3.91059e+01 |113 -0.12078  3.47858e+03 |114  0.00021 -2.18535e-02
115 -0.45398  2.53494e+02 |116 -0.55136 -2.61760e+02 |117  0.04269  5.94581e+00
118  0.00301  7.67563e+03 |119 -0.49235  4.20878e+02 |120  0.15355  4.84225e+01
121 -0.00000  9.50291e-39 |122 -0.00402 -3.04275e+01 |123 -0.02521 -1.90671e+00
124  0.00000 -5.31733e-05 |125 -0.00837 -6.93618e-03 |126 -0.59870  1.98691e-01
127 -0.36061  6.57873e-02 |128  0.00000  0.00000e+00 |129 -0.27304  3.31840e+01
130 -0.00000 -7.19941e-10 |131 -0.69393 -1.43397e+01 |132  0.00000  0.00000e+00
133  0.07599 -3.28909e+02 |134  0.00000  0.00000e+00 |135  0.00356  1.38069e+03
136 -0.34914 -1.13938e+02 |137 -0.48216 -1.31939e+02 |138 -0.71721  2.75574e+02
139 -0.49324  2.77434e+02 |140  0.06819  2.80276e+00 |141  0.19486 -5.43491e+00
142 -0.00230 -7.40084e+03 |143 -0.00097 -7.23685e+03 |144  0.00000  0.00000e+00
145 -0.46162 -6.35208e+01 |146 -0.00000 -7.19941e-10 |147 -0.58587  4.92206e+01
148  0.00000  0.00000e+00 |149  0.21265 -2.27154e+00 |150  0.00000  0.00000e+00
151 -0.00817 -3.86490e+03 |
151 variables; iteration 80; function evaluation 95; phase 3
Function value 6.1403557e+03; maximum gradient component mag -1.5232e+04
Var    Value     Gradient |Var    Value     Gradient |Var    Value     Gradient
  1 -0.09203  4.14041e+03 |  2 -0.03390  1.94625e+02 |  3 -0.02759 -3.73627e+02
  4 -0.03441 -8.20048e+02 |  5 -0.00886  3.49096e+01 |  6  0.01170  5.31853e+02
  7  0.01280  4.12601e+02 |  8 -0.04988 -1.09051e+02 |  9 -0.00235 -3.51921e+02
 10 -0.05308 -2.18672e+02 | 11 -0.00654 -1.20945e+02 | 12  0.02035  4.38796e+02
 13 -0.05305  3.05644e+01 | 14 -0.02662 -3.21576e+02 | 15  0.01859  7.49312e+01
 16 -0.02649  2.87066e+02 | 17 -0.01528  2.95555e+02 | 18  0.01833  1.02554e+03
 19 -0.03272  2.86281e+02 | 20 -0.01447 -1.62628e+02 | 21 -0.01553 -2.36801e+02
 22  0.01838  9.54071e+02 | 23 -0.02852  3.34926e+02 | 24 -0.05380  3.29776e+02
 25 -0.05460  5.74743e+01 | 26 -0.01903  1.29232e+02 | 27 -0.03679  7.74289e+01
 28  0.03140  1.48089e+01 | 29 -0.02503  1.34448e+02 | 30 -0.02220  9.18009e+01
 31 -0.00858  7.03655e+01 | 32 -0.01437  9.39779e+01 | 33  0.05239  7.87595e+01
 34 -0.00050  4.85976e+01 | 35  0.00624  4.20926e+02 | 36  0.00624 -1.83856e+02
 37 -0.00710  1.67668e+02 | 38 -0.02870  1.13305e+02 | 39  0.00900 -7.37237e+01
 40 -0.03007 -2.43161e+02 | 41  0.02530 -9.01719e+01 | 42 -0.03027  1.18834e+02
 43  0.01181  2.63973e+01 | 44  0.02064  1.78822e+02 | 45  0.03694  9.17124e+01
 46 -0.03258 -1.25932e+02 | 47 -0.05952 -2.20961e+01 | 48 -0.00134 -6.49028e+00
 49 -0.00191 -1.46505e+02 | 50  0.02300  1.10271e+02 | 51 -0.04692  4.45661e+01
 52  0.00767  2.78482e+02 | 53  0.03560  1.26373e+02 | 54  0.00081  9.76261e+01
 55 -0.02450 -2.61006e+01 | 56  0.00010 -4.06919e+01 | 57  0.01918  7.56015e+01
 58 -0.05053  5.71943e+01 | 59 -0.00200  1.49317e+02 | 60 -0.03177  3.79537e+01
 61  0.04643  1.32420e+02 | 62 -0.00675 -4.87843e+01 | 63 -0.02273 -1.98004e+01
 64 -0.00950  5.90925e+01 | 65  0.02544  1.22417e+02 | 66  0.01168  6.59502e+01
 67  0.02803  2.48026e+01 | 68 -0.01687  6.20823e+01 | 69  0.00256  5.91562e+01
 70  0.01215  1.33022e+02 | 71  0.01827  2.71767e+02 | 72  0.00201  2.05712e+02
 73 -0.00370  7.91508e+01 | 74  0.00148  7.90295e+00 | 75 -0.05632 -1.90566e+02
 76 -0.01556 -4.15775e+01 | 77 -0.00409  4.56966e+01 | 78 -0.06766 -5.32748e+01
 79 -0.01130  1.64940e+02 | 80 -0.01365  2.40188e+02 | 81 -0.01785  1.66374e+02
 82 -0.02295  4.83616e+00 | 83 -0.01573 -6.57391e+01 | 84  0.00851 -1.98351e+02
 85  0.02224 -1.24837e+02 | 86 -0.01744  2.21681e+01 | 87  0.03632  2.38423e+02
 88 -0.05523 -5.51683e+01 | 89  0.02220  5.15817e+01 | 90  0.02551  8.59110e+01
 91 -0.09712 -1.18305e+02 | 92 -0.04528 -4.14481e+01 | 93 -0.04235 -3.91938e+01
 94 -0.59418  6.67145e+00 | 95 -0.81780 -1.17931e+01 | 96 -0.84906 -1.13401e+01
 97 -1.60562 -4.36289e+00 | 98  0.37820  2.26002e+00 | 99 -0.50028 -1.68527e+00
100 -0.67143 -1.35744e+00 |101 -0.35271  9.78532e+03 |102  0.16945 -1.58433e-01
103  0.05323 -1.52322e+04 |104  0.13997 -4.25195e+03 |105  0.25412  4.73857e+03
106 -0.00523 -1.87783e-02 |107 -0.05322  2.33031e-01 |108 -0.54288  3.70402e-01
109 -1.14554 -1.14548e-01 |110 -0.41745  1.72656e+03 |111 -0.00000  1.48416e-06
112  0.44112 -9.54625e+02 |113 -0.12011  3.96357e+03 |114  0.00554 -1.17081e-02
115 -0.45734  1.71982e+02 |116 -0.55067 -1.38596e+02 |117  0.04000  3.57445e+00
118  0.00284  5.85719e+03 |119 -0.48719  9.60065e+02 |120  0.14839  3.02084e+03
121 -0.00000 -1.02085e-37 |122  0.00145  1.15011e+03 |123  0.14312  2.34507e+02
124  0.00008  6.83649e-04 |125 -0.17713 -1.72907e+00 |126 -0.59391  1.33207e-01
127 -0.49286 -3.81730e+01 |128  0.00000  0.00000e+00 |129 -0.32763  1.50503e+01
130  0.00000  6.62466e-11 |131 -0.69803 -4.47461e+01 |132  0.00000  0.00000e+00
133  0.07775 -2.65184e+02 |134  0.00000  0.00000e+00 |135  0.00472  1.53338e+03
136 -0.34955 -1.08585e+02 |137 -0.48146 -5.91868e+01 |138 -0.71455  3.36653e+02
139 -0.49526  1.03356e+02 |140  0.11328  8.23174e+00 |141  0.19981  5.02707e+00
142 -0.00173 -5.91842e+03 |143 -0.00079 -5.03302e+03 |144  0.00000  0.00000e+00
145 -0.29611  1.70346e+01 |146  0.00000  6.62466e-11 |147 -0.53107  9.17739e+01
148  0.00000  0.00000e+00 |149  0.33000  2.12690e+00 |150  0.00000  0.00000e+00
151 -0.00871 -2.01039e+03 |
Maximum number of function evaluations exceeded

 - final statistics:
151 variables; iteration 85; function evaluation 100
Function value 6.1312e+03; maximum gradient component mag -1.3896e+04
Exit code = 3;  converg criter 1.0000e+00
Var    Value     Gradient |Var    Value     Gradient |Var    Value     Gradient
  1 -0.09043  9.29124e+02 |  2 -0.03403  2.08645e+02 |  3 -0.02819 -3.86700e+02
  4 -0.03460 -7.84073e+02 |  5 -0.00943  3.26809e+01 |  6  0.01078  4.55412e+02
  7  0.01180  3.21943e+02 |  8 -0.05029 -1.06814e+02 |  9 -0.00328 -4.12260e+02
 10 -0.05436 -2.71106e+02 | 11 -0.00717 -1.35508e+02 | 12  0.01963  3.89886e+02
 13 -0.05411 -5.21967e+00 | 14 -0.02728 -3.75435e+02 | 15  0.01765 -1.09823e+02
 16 -0.02715  2.03261e+02 | 17 -0.01592  1.32982e+02 | 18  0.01696  4.98104e+02
 19 -0.03358  4.20114e+01 | 20 -0.01543 -5.46651e+02 | 21 -0.01679 -6.65909e+02
 22  0.01674 -4.67095e+01 | 23 -0.02879 -2.21403e+02 | 24 -0.05588 -2.38241e+01
 25 -0.05246  1.26343e+01 | 26 -0.02511  1.05681e+02 | 27 -0.02806  1.75933e+02
 28  0.03283  9.99955e+01 | 29 -0.04613  6.30479e+01 | 30 -0.01639  1.78189e+02
 31 -0.01080  1.44412e+02 | 32 -0.01071  2.06997e+02 | 33  0.04974  2.29787e+02
 34  0.00082  1.43655e+02 | 35  0.00520  4.93380e+02 | 36  0.00540 -1.08778e+02
 37 -0.00798  2.29004e+02 | 38 -0.02945  1.51956e+02 | 39  0.00860 -6.66698e+00
 40 -0.03257 -2.84856e+02 | 41  0.02470 -9.28041e+01 | 42 -0.03585  4.59311e+01
 43  0.00982 -1.81387e+01 | 44  0.02260  2.58335e+02 | 45  0.03403  2.83714e+01
 46 -0.03249 -1.29823e+02 | 47 -0.06058 -2.42370e+01 | 48 -0.00207 -1.46876e+01
 49 -0.00478 -2.04576e+02 | 50  0.02252  1.21905e+02 | 51 -0.04573  6.67386e+01
 52  0.00621  2.64962e+02 | 53  0.03462  1.07487e+02 | 54 -0.00121  5.49624e+01
 55 -0.02726 -8.47671e+01 | 56 -0.00246 -1.31762e+02 | 57  0.01673 -3.20874e+01
 58 -0.05203  3.62690e+01 | 59 -0.00207  1.80239e+02 | 60 -0.03296  3.08129e+01
 61  0.04500  7.68123e+01 | 62 -0.00971 -9.55470e+01 | 63 -0.02464 -3.73336e+01
 64 -0.00823  1.07894e+02 | 65  0.02349  7.55475e+01 | 66  0.00997  1.82648e+01
 67  0.02627 -4.84550e+01 | 68 -0.01979  4.22365e+00 | 69  0.00066 -3.42604e-01
 70  0.01079  9.17078e+01 | 71  0.01682  2.26360e+02 | 72  0.00012  1.62150e+02
 73 -0.00409  5.80668e+01 | 74 -0.00106 -5.88883e+01 | 75 -0.05623 -2.11611e+02
 76 -0.01835 -1.40741e+02 | 77 -0.00591 -5.44428e+01 | 78 -0.07074 -1.01403e+02
 79 -0.01278  1.18255e+02 | 80 -0.01464  2.15852e+02 | 81 -0.01915  1.32401e+02
 82 -0.02510 -4.74364e+01 | 83 -0.01724 -1.06824e+02 | 84  0.00727 -2.45638e+02
 85  0.01944 -2.17826e+02 | 86 -0.01920 -1.09011e+01 | 87  0.03455  2.29579e+02
 88 -0.05256 -2.39194e+01 | 89  0.02098  7.71769e+01 | 90  0.02369  8.17362e+01
 91 -0.09757 -1.17644e+02 | 92 -0.02365 -1.75377e+01 | 93 -0.02198 -1.67053e+01
 94 -0.59664  5.18250e+00 | 95 -0.86798 -1.48539e+01 | 96 -0.85877 -1.11477e+01
 97 -1.85576 -7.39175e+00 | 98  0.46628  2.46690e+00 | 99 -0.51920 -2.16791e+00
100 -0.68763 -1.71695e+00 |101 -0.35263  8.73740e+03 |102  0.16541 -1.47799e-01
103  0.05382 -1.38957e+04 |104  0.14012 -4.26452e+03 |105  0.25399  4.44724e+03
106 -0.00984 -2.93567e-02 |107 -0.07438  5.75210e-01 |108 -0.57309 -9.70248e-02
109 -1.23725 -1.78171e+00 |110 -0.41717  1.36626e+03 |111 -0.00000  1.22282e-06
112  0.44081 -3.83114e+02 |113 -0.12040  3.39910e+03 |114  0.00655 -1.27559e-02
115 -0.46088  1.52954e+02 |116 -0.55197 -1.47773e+02 |117  0.02945 -1.72351e+01
118  0.00283  5.52768e+03 |119 -0.48338  4.87361e+02 |120  0.14874  1.54277e+03
121 -0.00000 -1.69770e-39 |122  0.00051  5.70284e+02 |123  0.11273  1.40323e+01
124  0.00009  2.27370e-04 |125 -0.20918 -6.42641e-01 |126 -0.59287  1.33753e-01
127 -0.47999 -3.72210e+01 |128  0.00000  0.00000e+00 |129 -0.33516  1.10100e+01
130  0.00000  2.13520e-10 |131 -0.69746 -4.24792e+01 |132  0.00000  0.00000e+00
133  0.07837 -1.88235e+02 |134  0.00000  0.00000e+00 |135  0.00487  1.50910e+03
136 -0.35971 -1.23091e+02 |137 -0.48617 -6.94849e+01 |138 -0.71532  3.43190e+02
139 -0.49607  8.63992e+01 |140  0.13314  7.55481e+00 |141  0.20176  9.79430e-01
142 -0.00151 -5.78350e+03 |143 -0.00068 -4.94470e+03 |144  0.00000  0.00000e+00
145 -0.31474 -8.70383e+00 |146  0.00000  2.13520e-10 |147 -0.52189  1.37603e+02
148  0.00000  0.00000e+00 |149  0.35054  2.13541e+00 |150  0.00000  0.00000e+00
151 -0.00807 -2.17088e+03 |

Initial statistics: 211 variables; iteration 0; function evaluation 0; phase 4
Function value 6.1312403e+03; maximum gradient component mag 2.0085e+04
Var    Value     Gradient |Var    Value     Gradient |Var    Value     Gradient
  1 -0.09043  9.29124e+02 |  2  0.00000 -4.53155e-03 |  3  0.00000 -5.61557e-03
  4  0.00000 -6.96643e-03 |  5  0.00000 -8.65753e-03 |  6  0.00000 -1.07919e-02
  7  0.00000 -1.35258e-02 |  8  0.00000 -1.71145e-02 |  9  0.00000 -2.19255e-02
 10  0.00000 -2.75234e-02 | 11  0.00000 -2.76881e-02 | 12  0.00000 -2.24823e-02
 13  0.00000 -1.90166e-02 | 14  0.00000  9.31742e-01 | 15  0.00000  7.64914e-01
 16  0.00000  6.09953e-01 | 17  0.00000  4.83623e-01 | 18  0.00000  3.87425e-01
 19  0.00000  3.14806e-01 | 20  0.00000  2.51994e-01 | 21  0.00000  2.08923e-01
 22  0.00000  1.77147e-01 | 23  0.00000  1.50276e-01 | 24  0.00000  2.00343e-01
 25  0.00000  1.87730e-01 | 26  0.00000  1.90019e-01 | 27  0.00000  2.85328e-01
 28  0.00000  4.84039e-01 | 29  0.00000  7.49177e-01 | 30  0.00000  1.12413e+00
 31  0.00000  1.66740e+00 | 32  0.00000  2.46187e+00 | 33  0.00000  3.67839e+00
 34  0.00000  5.52211e+00 | 35  0.00000  8.73673e+00 | 36  0.00000  1.42634e+01
 37  0.00000  2.35412e+01 | 38  0.00000  4.09734e+01 | 39  0.00000  7.22941e+01
 40  0.00000  1.26229e+02 | 41  0.00000  2.20448e+02 | 42  0.00000  3.61506e+02
 43  0.00000  5.30443e+02 | 44  0.00000  1.00893e+02 | 45  0.00000 -3.25330e+02
 46  0.00000 -3.14181e+02 | 47 -0.03403  2.08645e+02 | 48 -0.02819 -3.86700e+02
 49 -0.03460 -7.84073e+02 | 50 -0.00943  3.26809e+01 | 51  0.01078  4.55412e+02
 52  0.01180  3.21943e+02 | 53 -0.05029 -1.06814e+02 | 54 -0.00328 -4.12260e+02
 55 -0.05436 -2.71106e+02 | 56 -0.00717 -1.35508e+02 | 57  0.01963  3.89886e+02
 58 -0.05411 -5.21967e+00 | 59 -0.02728 -3.75435e+02 | 60  0.01765 -1.09823e+02
 61 -0.02715  2.03261e+02 | 62 -0.01592  1.32982e+02 | 63  0.01696  4.98104e+02
 64 -0.03358  4.20114e+01 | 65 -0.01543 -5.46651e+02 | 66 -0.01679 -6.65909e+02
 67  0.01674 -4.67095e+01 | 68 -0.02879 -2.21403e+02 | 69 -0.05588 -2.38241e+01
 70 -0.05246  1.26343e+01 | 71 -0.02511  1.05681e+02 | 72 -0.02806  1.75933e+02
 73  0.03283  9.99955e+01 | 74 -0.04613  6.30479e+01 | 75 -0.01639  1.78189e+02
 76 -0.01080  1.44412e+02 | 77 -0.01071  2.06997e+02 | 78  0.04974  2.29787e+02
 79  0.00082  1.43655e+02 | 80  0.00520  4.93380e+02 | 81  0.00540 -1.08778e+02
 82 -0.00798  2.29004e+02 | 83 -0.02945  1.51956e+02 | 84  0.00860 -6.66698e+00
 85 -0.03257 -2.84856e+02 | 86  0.02470 -9.28041e+01 | 87 -0.03585  4.59311e+01
 88  0.00982 -1.81387e+01 | 89  0.02260  2.58335e+02 | 90  0.03403  2.83714e+01
 91 -0.03249 -1.29823e+02 | 92 -0.06058 -2.42370e+01 | 93 -0.00207 -1.46876e+01
 94 -0.00478 -2.04576e+02 | 95  0.02252  1.21905e+02 | 96 -0.04573  6.67386e+01
 97  0.00621  2.64962e+02 | 98  0.03462  1.07487e+02 | 99 -0.00121  5.49624e+01
100 -0.02726 -8.47671e+01 |101 -0.00246 -1.31762e+02 |102  0.01673 -3.20874e+01
103 -0.05203  3.62690e+01 |104 -0.00207  1.80239e+02 |105 -0.03296  3.08129e+01
106  0.04500  7.68123e+01 |107 -0.00971 -9.55470e+01 |108 -0.02464 -3.73336e+01
109 -0.00823  1.07894e+02 |110  0.02349  7.55475e+01 |111  0.00997  1.82648e+01
112  0.02627 -4.84550e+01 |113 -0.01979  4.22365e+00 |114  0.00066 -3.42604e-01
115  0.01079  9.17078e+01 |116  0.01682  2.26360e+02 |117  0.00012  1.62150e+02
118 -0.00409  5.80668e+01 |119 -0.00106 -5.88883e+01 |120 -0.05623 -2.11611e+02
121 -0.01835 -1.40741e+02 |122 -0.00591 -5.44428e+01 |123 -0.07074 -1.01403e+02
124 -0.01278  1.18255e+02 |125 -0.01464  2.15852e+02 |126 -0.01915  1.32401e+02
127 -0.02510 -4.74364e+01 |128 -0.01724 -1.06824e+02 |129  0.00727 -2.45638e+02
130  0.01944 -2.17826e+02 |131 -0.01920 -1.09011e+01 |132  0.03455  2.29579e+02
133 -0.05256 -2.39194e+01 |134  0.02098  7.71769e+01 |135  0.02369  8.17362e+01
136 -0.09757 -1.17644e+02 |137 -0.02365 -1.75377e+01 |138 -0.02198 -1.67053e+01
139 -0.59664  5.18250e+00 |140 -0.86798 -1.48539e+01 |141 -0.85877 -1.11477e+01
142 -0.14424  7.39175e+00 |143  0.46628  2.46690e+00 |144 -0.51920 -2.16791e+00
145 -0.68763 -1.71695e+00 |146 -0.35263  8.73740e+03 |147  0.16541 -1.47799e-01
148  0.05382 -1.38957e+04 |149  0.14012 -4.26452e+03 |150  0.25399  4.44724e+03
151 -0.00984 -2.93567e-02 |152 -0.07438  5.75210e-01 |153 -0.57309 -9.70248e-02
154 -0.76275  1.78171e+00 |155  0.00023  2.00845e+04 |156 -0.00336 -1.71342e+04
157 -0.02088  2.80354e+03 |158  0.06969  1.97270e+03 |159  0.76092  2.17937e+01
160 -0.41717  1.36626e+03 |161 -0.00000  1.22282e-06 |162  0.44081 -3.83114e+02
163 -0.12040  3.39910e+03 |164  0.00655 -1.27559e-02 |165 -0.46088  1.52954e+02
166 -0.55197 -1.47773e+02 |167  0.02945 -1.72351e+01 |168  0.00283  5.52768e+03
169  0.04298 -3.04275e+03 |170  0.03582 -4.59649e+01 |171 -0.00697 -4.04095e+03
172 -0.00007 -6.38586e-03 |173  0.87255 -5.68132e+01 |174 -0.48338  4.87361e+02
175  0.14874  1.54277e+03 |176  0.00000 -2.63101e-39 |177  0.00051  5.70284e+02
178  0.11273  1.40323e+01 |179  0.00009  2.27370e-04 |180 -0.20918 -6.42641e-01
181 -0.59287  1.33753e-01 |182 -0.47999 -3.72210e+01 |183 -0.00713  3.75350e+02
184 -0.00000 -5.61243e-10 |185  0.00678 -3.30178e+02 |186 -0.04985  4.33446e-01
187  0.80957 -3.54412e+01 |188  0.00000  0.00000e+00 |189 -0.33516  1.10100e+01
190  0.00000  2.13520e-10 |191 -0.69746 -4.24792e+01 |192  0.00000  0.00000e+00
193  0.07837 -1.88235e+02 |194  0.00000  0.00000e+00 |195  0.00487  1.50910e+03
196 -0.35971 -1.23091e+02 |197 -0.48617 -6.94849e+01 |198 -0.71532  3.43190e+02
199 -0.49607  8.63992e+01 |200  0.13314  7.55481e+00 |201  0.20176  9.79430e-01
202 -0.00151 -5.78350e+03 |203 -0.00068 -4.94470e+03 |204  0.00000  0.00000e+00
205 -0.31474 -8.70383e+00 |206  0.00000  2.13520e-10 |207 -0.52189  1.37603e+02
208  0.00000  0.00000e+00 |209  0.35054  2.13541e+00 |210  0.00000  0.00000e+00
211 -0.00807 -2.17088e+03 |
