
Initial statistics: 5 variables; iteration 0; function evaluation 0; phase 1
Function value 7.9326248e+03; maximum gradient component mag 2.0337e+04
Var    Value     Gradient |Var    Value     Gradient |Var    Value     Gradient
  1 -0.06606  8.18548e+01 |  2 -0.75264 -3.10876e+01 |  3 -0.35783  2.03365e+04
  4 -0.38723 -3.99989e+03 |  5 -0.43851  5.80399e+02 |

 - final statistics:
5 variables; iteration 12; function evaluation 22
Function value 7.8084e+03; maximum gradient component mag 8.8062e+00
Exit code = 1;  converg criter 1.0000e+01
Var    Value     Gradient |Var    Value     Gradient |Var    Value     Gradient
  1 -0.03507  5.66580e+00 |  2 -0.72682  1.98829e-01 |  3 -0.36960  1.56834e+00
  4 -0.38637  8.80621e+00 |  5 -0.46424  1.16459e+00 |

Initial statistics: 23 variables; iteration 0; function evaluation 0; phase 2
Function value 7.8083620e+03; maximum gradient component mag -6.0401e+02
Var    Value     Gradient |Var    Value     Gradient |Var    Value     Gradient
  1 -0.03507  5.66580e+00 |  2 -0.72682  1.98829e-01 |  3 -0.36960  1.56834e+00
  4  0.00000  1.49976e-01 |  5 -0.00000  4.43333e-01 |  6 -0.38637  8.80621e+00
  7 -0.50535 -8.43653e+01 |  8 -0.57124 -7.91527e+01 |  9 -0.46424  1.16459e+00
 10  0.00000 -1.72187e-05 | 11  0.00000  1.95609e-01 | 12  0.00000  0.00000e+00
 13 -0.27149 -3.60316e+00 | 14 -0.00000 -3.49415e-09 | 15 -0.69325 -5.48216e+01
 16 -0.42246  1.72525e+02 | 17 -0.56062  2.56450e+02 | 18 -0.71278 -2.73329e+02
 19 -0.51373 -6.04008e+02 | 20  0.00000  0.00000e+00 | 21 -0.46873  2.50963e+01
 22 -0.00000 -3.49415e-09 | 23 -0.60180 -3.62770e+01 |

 - final statistics:
23 variables; iteration 20; function evaluation 33
Function value 7.7942e+03; maximum gradient component mag 4.1242e+00
Exit code = 1;  converg criter 1.0000e+01
Var    Value     Gradient |Var    Value     Gradient |Var    Value     Gradient
  1 -0.03542 -1.18018e+00 |  2 -0.72739  2.66827e-01 |  3 -0.36962 -3.93695e+00
  4 -0.05623 -1.43444e-03 |  5 -0.31342 -2.73397e-01 |  6 -0.38469 -2.94240e+00
  7 -0.49490  7.25333e-01 |  8 -0.56604  1.57333e+00 |  9 -0.46285 -3.23776e-01
 10 -0.00000 -3.14384e-05 | 11 -0.00681  1.64290e-01 | 12  0.00000  0.00000e+00
 13 -0.26000  6.93908e-02 | 14 -0.00000 -3.19225e-09 | 15 -0.68620  8.54451e-01
 16 -0.49156 -9.26754e-01 | 17 -0.61759 -9.48237e-01 | 18 -0.71605  3.45679e+00
 19 -0.51088  4.12423e+00 | 20  0.00000  0.00000e+00 | 21 -0.50298 -1.16304e-01
 22 -0.00000 -3.19225e-09 | 23 -0.60011  4.37465e-01 |

Initial statistics: 151 variables; iteration 0; function evaluation 0; phase 3
Function value 7.7942220e+03; maximum gradient component mag 7.3153e+03
Var    Value     Gradient |Var    Value     Gradient |Var    Value     Gradient
  1 -0.03542 -1.18018e+00 |  2  0.00000 -6.55247e+02 |  3  0.00000  6.53998e+03
  4  0.00000  2.90802e+03 |  5  0.00000 -4.70232e+03 |  6  0.00000 -3.42502e+03
  7  0.00000  2.27405e+02 |  8  0.00000  5.13228e+03 |  9  0.00000 -1.52386e+03
 10  0.00000  1.46150e+03 | 11  0.00000  1.65869e+03 | 12  0.00000 -1.15755e+03
 13  0.00000 -6.82276e+02 | 14  0.00000  1.00919e+03 | 15  0.00000 -5.23972e+03
 16  0.00000  1.40548e+03 | 17  0.00000  7.31533e+03 | 18  0.00000 -1.93590e+03
 19  0.00000 -9.06003e+02 | 20  0.00000 -3.61118e+02 | 21  0.00000  1.38830e+02
 22  0.00000  9.67256e+02 | 23  0.00000  1.01387e+03 | 24  0.00000  1.09860e+03
 25  0.00000  4.40115e+01 | 26  0.00000  2.55493e+02 | 27  0.00000  2.06587e+02
 28  0.00000  1.04387e+02 | 29  0.00000 -1.71910e+01 | 30  0.00000 -2.14538e+02
 31  0.00000 -7.52613e+02 | 32  0.00000 -6.75124e+02 | 33  0.00000 -6.29101e+02
 34  0.00000 -3.64364e+01 | 35  0.00000  9.16878e+02 | 36  0.00000 -2.01421e+03
 37  0.00000  1.17951e+03 | 38  0.00000 -1.39310e+03 | 39  0.00000  7.27384e+02
 40  0.00000 -4.04512e+02 | 41  0.00000 -6.35902e+02 | 42  0.00000 -5.26037e+02
 43  0.00000  5.01356e+02 | 44  0.00000  9.53701e+02 | 45  0.00000 -2.26487e+02
 46  0.00000  1.55430e+02 | 47  0.00000  5.95032e+02 | 48  0.00000  1.13714e+03
 49  0.00000 -1.60534e+02 | 50  0.00000  3.82481e+02 | 51  0.00000  3.66829e+02
 52  0.00000  7.07951e+02 | 53  0.00000 -3.08546e+02 | 54  0.00000 -2.22095e+02
 55  0.00000 -1.48815e+02 | 56  0.00000 -1.08042e+02 | 57  0.00000 -9.28982e-01
 58  0.00000  3.83586e+02 | 59  0.00000 -1.67103e+02 | 60  0.00000 -5.51567e+01
 61  0.00000 -1.05508e+03 | 62  0.00000 -2.34443e+02 | 63  0.00000  9.64125e+02
 64  0.00000  1.08596e+02 | 65  0.00000 -3.42613e+02 | 66  0.00000 -1.24406e+03
 67  0.00000  9.49656e+00 | 68  0.00000  3.49857e+02 | 69  0.00000 -4.37605e+02
 70  0.00000 -1.13870e+03 | 71  0.00000 -2.13996e+02 | 72  0.00000  3.54300e+02
 73  0.00000  7.82380e+02 | 74  0.00000  4.00167e+01 | 75  0.00000 -3.16772e+02
 76  0.00000  2.05761e+02 | 77  0.00000  6.91953e+02 | 78  0.00000  1.43945e+02
 79  0.00000 -9.44246e+01 | 80  0.00000 -1.16577e+03 | 81  0.00000 -1.90907e+03
 82  0.00000 -3.73567e+01 | 83  0.00000 -1.71640e+02 | 84  0.00000 -3.40363e+02
 85  0.00000  3.06658e+02 | 86  0.00000  9.64999e+02 | 87  0.00000 -1.08526e+03
 88  0.00000  6.24359e+02 | 89  0.00000  4.59217e+02 | 90  0.00000 -6.81176e+02
 91  0.00000  8.98382e+01 | 92  0.00000  2.01635e+00 | 93  0.00000  1.95078e+00
 94 -0.72739  2.66827e-01 | 95 -0.46075 -1.01571e+02 | 96 -0.71566 -4.34562e+01
 97 -0.12527  8.66678e-01 | 98 -0.13003  2.55879e+00 | 99 -0.38718 -2.83124e+00
100 -0.57542 -1.71459e+01 |101 -0.36962 -3.93695e+00 |102  0.19000 -3.19513e-01
103  0.05759 -2.74287e+03 |104  0.14218 -1.99587e+03 |105  0.23047 -2.12752e+03
106 -0.05623 -1.43444e-03 |107 -0.31342 -2.73397e-01 |108 -0.58973 -1.39372e+02
109 -0.60893  5.26384e+01 |110 -0.38469 -2.94240e+00 |111  0.00000 -2.58575e-07
112  0.43975  1.11947e+02 |113 -0.13971 -4.02819e+03 |114 -0.00006 -3.48760e-02
115 -0.49490  7.25333e-01 |116 -0.56604  1.57333e+00 |117  0.11300  1.24863e+01
118  0.00298  9.91758e+01 |119 -0.46285 -3.23776e-01 |120  0.14399  9.00195e+02
121  0.00000  1.77752e-39 |122 -0.01726  1.78347e+02 |123 -0.03067 -1.58877e+00
124 -0.00000 -3.14384e-05 |125 -0.00681  1.64290e-01 |126 -0.59879 -2.78421e-01
127 -0.48855 -8.47349e-01 |128  0.00000  0.00000e+00 |129 -0.26000  6.93908e-02
130 -0.00000 -3.19225e-09 |131 -0.68620  8.54451e-01 |132  0.00000  0.00000e+00
133  0.07753  7.26678e+02 |134  0.00000  0.00000e+00 |135  0.00200 -4.75860e+02
136 -0.49156 -9.26754e-01 |137 -0.61759 -9.48237e-01 |138 -0.71605  3.45679e+00
139 -0.51088  4.12423e+00 |140  0.13419 -1.05765e+01 |141  0.17479  1.05995e+01
142  0.00099  3.94742e+03 |143  0.00148 -3.14495e+02 |144  0.00000  0.00000e+00
145 -0.50298 -1.16304e-01 |146 -0.00000 -3.19225e-09 |147 -0.60011  4.37465e-01
148  0.00000  0.00000e+00 |149  0.20105  9.72039e+00 |150  0.00000  0.00000e+00
151 -0.00245 -1.00149e+03 |

Intermediate statistics: 151 variables; iteration 20; function evaluation 27; phase 3
Function value 6.6520557e+03; maximum gradient component mag 4.5421e+04
Var    Value     Gradient |Var    Value     Gradient |Var    Value     Gradient
  1 -0.09041  1.15297e+03 |  2 -0.01736 -5.24498e+02 |  3 -0.03284  2.13166e+03
  4 -0.02189  8.03975e+02 |  5  0.01782 -1.78484e+03 |  6  0.00021 -1.64455e+03
  7 -0.02745 -4.52351e+02 |  8 -0.05179  1.80124e+03 |  9 -0.00965 -5.21582e+02
 10 -0.03768  4.96685e+02 | 11 -0.03409  7.92178e+02 | 12 -0.01687 -9.16693e+01
 13 -0.01283 -4.99685e+02 | 14 -0.03285  2.74011e+02 | 15  0.02945 -3.51084e+02
 16 -0.01528  5.67475e+02 | 17 -0.04252  2.43002e+03 | 18  0.00196 -9.92937e+02
 19 -0.00218 -1.10909e+02 | 20 -0.00458  5.69250e+02 | 21  0.00844  1.05123e+03
 22  0.00578  5.76801e+02 | 23  0.01444  6.05220e+02 | 24 -0.02786  2.59547e+02
 25  0.00138 -1.90776e+01 | 26 -0.02956  7.32474e+01 | 27 -0.02843  3.30711e+01
 28 -0.02402  3.77243e+01 | 29 -0.02482  3.63994e+01 | 30 -0.03331 -1.15160e+02
 31  0.00548 -1.57072e+02 | 32 -0.01305 -1.36571e+02 | 33  0.00692 -1.97069e+02
 34 -0.01901 -2.08053e+02 | 35 -0.04765 -5.27889e+00 | 36  0.01464 -9.85170e+02
 37 -0.05349  7.26327e+01 | 38  0.00752 -2.17709e+02 | 39 -0.03011  1.71130e+02
 40 -0.00094  1.37431e+02 | 41  0.01883 -6.34750e+01 | 42  0.02312  3.43337e+01
 43 -0.02323  6.86868e+01 | 44 -0.04748  8.12272e+01 | 45  0.00293  1.13619e+01
 46 -0.01816  2.32764e+01 | 47 -0.03026  3.20999e+01 | 48 -0.07179  6.16500e+01
 49 -0.00363 -5.23190e+00 | 50 -0.03465 -1.03884e+00 | 51 -0.01440  5.24525e+01
 52 -0.03923  7.06118e+01 | 53  0.01116  1.28658e+01 | 54  0.00927  3.97459e+01
 55  0.00937  5.58764e+01 | 56  0.00708  5.50196e+01 | 57  0.00832  6.68434e+01
 58 -0.01914  5.19473e+01 | 59  0.01782  5.27078e+01 | 60 -0.01115 -1.56369e+01
 61  0.04408 -4.03196e+01 | 62  0.01016  1.38318e+01 | 63 -0.04037  1.36934e+02
 64  0.00724  5.57473e+01 | 65 -0.00065 -4.94854e+01 | 66  0.05470 -5.83488e+01
 67 -0.00313  4.35770e+01 | 68 -0.00397  9.38380e+01 | 69  0.01439 -1.26246e+01
 70  0.04746 -3.40588e+01 | 71  0.00539  2.90683e+01 | 72 -0.00258  1.19294e+02
 73 -0.02706  1.23739e+02 | 74  0.00069  3.91021e+01 | 75  0.01413  3.44430e+01
 76 -0.00712  5.23395e+01 | 77 -0.03036  7.33651e+01 | 78 -0.00268  3.64885e+01
 79 -0.00404  3.28676e+00 | 80  0.02942 -4.49160e+01 | 81  0.07679  1.03419e+02
 82 -0.01982  6.21427e+01 | 83  0.01721  7.08502e+01 | 84  0.01857  4.51874e+01
 85 -0.00256  9.07241e+01 | 86 -0.05143  9.35695e+01 | 87  0.04532  4.11376e+01
 88 -0.02407  1.26515e+02 | 89 -0.01230  1.12910e+02 | 90  0.03812  2.30368e+00
 91 -0.01286 -2.92169e+01 | 92 -0.00061  2.09915e+00 | 93 -0.00062  2.07180e+00
 94 -0.72176 -2.71561e+01 | 95 -0.46162  3.79793e+00 | 96 -0.71768 -1.94589e+00
 97 -0.12588  3.05463e+00 | 98 -0.13035  1.43876e+00 | 99 -0.38627 -3.54190e+00
100 -0.57538 -2.47511e+00 |101 -0.36059  1.04184e+03 |102  0.18998 -1.62020e+00
103  0.05501 -9.15074e+03 |104  0.13545 -1.01600e+04 |105  0.24282 -1.89637e+03
106 -0.05619 -3.34798e-01 |107 -0.31322 -2.14592e+00 |108 -0.58757  1.64519e+01
109 -0.61271 -1.06569e+01 |110 -0.38277 -3.14634e+03 |111 -0.00000 -2.82566e-06
112  0.44456  4.05799e+02 |113 -0.13750 -9.72860e+03 |114 -0.00006 -3.38138e-02
115 -0.49503  6.82281e+02 |116 -0.56664 -9.03890e+02 |117  0.11182 -7.47442e-01
118  0.00644  2.54298e+04 |119 -0.46072  1.34405e+03 |120  0.15074  7.28123e+03
121 -0.00000 -1.75469e-39 |122 -0.00297  2.10706e+03 |123 -0.03041 -3.99994e-01
124 -0.00000  2.94010e-05 |125 -0.00681 -1.99613e-01 |126 -0.59877  1.22575e-01
127 -0.48673 -5.22011e+00 |128  0.00000  0.00000e+00 |129 -0.26467 -4.09196e+01
130 -0.00000 -3.18899e-09 |131 -0.68677  6.26829e+01 |132  0.00000  0.00000e+00
133  0.07448  2.00166e+02 |134  0.00000  0.00000e+00 |135 -0.00111 -2.86237e+03
136 -0.46559 -2.84755e+01 |137 -0.59393  6.31787e+02 |138 -0.71644 -2.10548e+02
139 -0.49914 -1.89116e+03 |140  0.13685 -1.48116e+01 |141  0.17352  3.55335e+00
142  0.00134  4.12047e+03 |143  0.00934  4.54212e+04 |144  0.00000  0.00000e+00
145 -0.50291  1.93690e+02 |146 -0.00000 -3.18899e-09 |147 -0.59597 -3.00887e+02
148  0.00000  0.00000e+00 |149  0.19999  6.94939e+00 |150  0.00000  0.00000e+00
151  0.00731  8.31328e+03 |
151 variables; iteration 40; function evaluation 48; phase 3
Function value 6.6166439e+03; maximum gradient component mag 4.5374e+04
Var    Value     Gradient |Var    Value     Gradient |Var    Value     Gradient
  1 -0.06421  5.02906e+02 |  2 -0.06159 -4.69864e+02 |  3 -0.04184  1.96022e+03
  4 -0.03714  7.63084e+02 |  5  0.00228 -1.67735e+03 |  6 -0.01603 -1.58249e+03
  7 -0.04228 -4.21661e+02 |  8 -0.07058  1.56930e+03 |  9 -0.02354 -2.96824e+02
 10 -0.05285  4.70960e+02 | 11 -0.05071  5.60477e+02 | 12 -0.03219 -1.78807e+02
 13 -0.02860 -4.33604e+02 | 14 -0.04979  2.67834e+02 | 15  0.01230 -3.26314e+02
 16 -0.03327  5.13753e+02 | 17 -0.06301  2.10901e+03 | 18 -0.01580 -1.02388e+03
 19 -0.02180 -3.13163e+02 | 20 -0.02498  3.09222e+02 | 21 -0.01220  6.85174e+02
 22 -0.00967  3.61670e+02 | 23 -0.00135  3.86065e+02 | 24 -0.04533  1.62129e+02
 25 -0.01807 -1.96714e+01 | 26 -0.05007  8.01016e+01 | 27 -0.04506  6.81231e+01
 28 -0.04231  7.61304e+01 | 29 -0.04427  6.49429e+01 | 30 -0.05148 -9.23897e+01
 31 -0.01277 -1.30736e+02 | 32 -0.03421 -1.68539e+02 | 33 -0.01205 -2.54752e+02
 34 -0.03930 -2.80337e+02 | 35 -0.06708 -1.96790e+01 | 36 -0.00401 -8.85764e+02
 37 -0.07337  6.71244e+01 | 38 -0.01311 -2.47328e+02 | 39 -0.04982  1.81731e+02
 40 -0.02274  6.46925e+01 | 41 -0.00251 -1.33853e+02 | 42  0.00216 -4.65900e+01
 43 -0.04467  1.63103e+01 | 44 -0.06830  5.53559e+01 | 45 -0.01909 -4.93168e+01
 46 -0.03713  9.60038e-02 | 47 -0.05144 -1.51627e+00 | 48 -0.08882  8.84350e+01
 49 -0.02484 -4.63849e+01 | 50 -0.05436 -2.67681e+01 | 51 -0.03650 -2.91000e+01
 52 -0.05894  3.45444e+01 | 53 -0.00948 -5.75256e+01 | 54 -0.01112 -3.26521e+01
 55 -0.01158 -1.63262e+01 | 56 -0.01261  8.57707e+00 | 57 -0.01209  4.77033e+00
 58 -0.03866  2.52567e+01 | 59 -0.00272 -3.39849e+00 | 60 -0.02986 -3.35650e+01
 61  0.02544 -3.24740e+01 | 62 -0.00953 -1.99835e+01 | 63 -0.05876  1.25958e+02
 64 -0.01427 -5.35162e+00 | 65 -0.01992 -6.31656e+01 | 66  0.03645 -1.97717e+01
 67 -0.02211  2.32171e+01 | 68 -0.02561  3.03117e+01 | 69 -0.00502 -3.08646e+01
 70  0.02964  1.32861e+01 | 71 -0.01320  1.67041e+01 | 72 -0.02392  5.18638e+01
 73 -0.04711  7.64727e+01 | 74 -0.02004 -2.01346e+01 | 75 -0.00533 -8.61596e+00
 76 -0.02707  4.56374e+00 | 77 -0.05073  3.42975e+01 | 78 -0.02388 -3.03477e+01
 79 -0.02484 -5.81576e+01 | 80  0.00862 -1.07403e+02 | 81  0.05805  7.77470e+01
 82 -0.04081  1.89507e+01 | 83 -0.00303  1.59434e+01 | 84 -0.00086  9.49627e+00
 85 -0.02349  2.73191e+01 | 86 -0.07049  7.82989e+01 | 87  0.02394 -4.41549e+01
 88 -0.04576  7.13863e+01 | 89 -0.03427  7.62438e+01 | 90  0.01528 -2.59191e+01
 91 -0.03395 -4.16793e+01 | 92 -0.00655 -1.60701e+00 | 93 -0.00652 -1.53664e+00
 94 -0.67775 -4.16751e+00 | 95 -0.51113  3.74956e+00 | 96 -0.75226 -2.48541e+00
 97 -0.13621  2.85070e+00 | 98 -0.13315  1.32641e+00 | 99 -0.37695 -3.16887e+00
100 -0.57901 -2.37271e+00 |101 -0.35997 -1.05793e+03 |102  0.18949 -1.86336e+00
103  0.05521 -7.61158e+03 |104  0.13560 -1.11665e+04 |105  0.24278 -2.04835e+03
106 -0.05542 -2.94070e-01 |107 -0.30883 -1.84858e+00 |108 -0.59581  4.67173e+01
109 -0.61234 -3.90919e+00 |110 -0.39564 -1.51945e+03 |111 -0.00000 -1.34783e-06
112  0.44127  4.84653e+02 |113 -0.13385 -5.27780e+03 |114  0.00002 -3.71693e-02
115 -0.48922  7.31435e+02 |116 -0.56613 -9.52642e+02 |117  0.08632 -5.14394e+00
118  0.00643  2.71213e+04 |119 -0.46425  1.14904e+03 |120  0.15098  6.32160e+03
121  0.00000 -4.29960e-40 |122 -0.00081  1.80816e+03 |123 -0.02771 -6.18937e-01
124 -0.00000 -7.82549e-05 |125 -0.00677  1.00128e-01 |126 -0.59889  2.51666e-02
127 -0.45798 -5.09094e+00 |128  0.00000  0.00000e+00 |129 -0.31354 -6.03250e+01
130 -0.00000 -3.14519e-09 |131 -0.69109  4.32140e+01 |132  0.00000  0.00000e+00
133  0.07500  3.05973e+02 |134  0.00000  0.00000e+00 |135 -0.00019 -2.93511e+03
136 -0.35468  1.13944e+02 |137 -0.55656  6.97112e+02 |138 -0.70723 -2.49745e+02
139 -0.49417 -1.82710e+03 |140  0.16910 -7.98306e+00 |141  0.16049  8.14891e-01
142 -0.00017  4.66708e+03 |143  0.00902  4.53739e+04 |144  0.00000  0.00000e+00
145 -0.48846  1.88818e+02 |146 -0.00000 -3.14519e-09 |147 -0.58795 -2.77047e+02
148  0.00000  0.00000e+00 |149  0.19604  5.31796e+00 |150  0.00000  0.00000e+00
151  0.00729  7.96415e+03 |
151 variables; iteration 60; function evaluation 68; phase 3
Function value 6.6008672e+03; maximum gradient component mag 4.4417e+04
Var    Value     Gradient |Var    Value     Gradient |Var    Value     Gradient
  1 -0.06474  6.20352e+02 |  2 -0.06504 -5.10670e+02 |  3 -0.04365  1.67446e+03
  4 -0.03787  6.91712e+02 |  5  0.00284 -1.62471e+03 |  6 -0.01718 -1.70612e+03
  7 -0.04170 -3.75075e+02 |  8 -0.07273  1.38631e+03 |  9 -0.02289 -1.89425e+02
 10 -0.05384  4.25416e+02 | 11 -0.05120  5.37421e+02 | 12 -0.03301 -1.64804e+02
 13 -0.02721 -3.08695e+02 | 14 -0.05088  1.68618e+02 | 15  0.01325 -3.49864e+02
 16 -0.03329  4.46937e+02 | 17 -0.06111  2.20605e+03 | 18 -0.01499 -1.05245e+03
 19 -0.01996 -2.70684e+02 | 20 -0.02396  2.30354e+02 | 21 -0.01027  7.09206e+02
 22 -0.01167  2.52898e+02 | 23  0.00117  4.69386e+02 | 24 -0.04589  1.53130e+02
 25 -0.01459  3.17320e+01 | 26 -0.04767  9.24786e+01 | 27 -0.04470  5.08730e+01
 28 -0.04301  5.74806e+01 | 29 -0.03846  8.97673e+01 | 30 -0.05000 -7.63396e+01
 31 -0.01110 -7.19906e+01 | 32 -0.02547 -5.91895e+01 | 33 -0.01492 -1.91379e+02
 34 -0.03312 -1.96837e+02 | 35 -0.06678 -4.77392e+01 | 36 -0.00140 -8.44815e+02
 37 -0.07180  4.86470e+01 | 38 -0.01168 -3.34409e+02 | 39 -0.04828  1.60050e+02
 40 -0.01784  2.47441e+02 | 41 -0.00020 -4.70330e+01 | 42  0.00207 -9.84335e+00
 43 -0.04668 -7.35441e+00 | 44 -0.07108  1.73996e+01 | 45 -0.01929 -4.03134e+01
 46 -0.03746 -6.96172e+00 | 47 -0.05115 -2.53939e+01 | 48 -0.09231  2.83310e+01
 49 -0.02587 -1.18426e+02 | 50 -0.05375 -3.04363e+01 | 51 -0.03704 -4.78489e+01
 52 -0.05825  3.15581e+01 | 53 -0.00653 -1.34756e+01 | 54 -0.00975 -2.48113e+01
 55 -0.01093 -2.04125e+01 | 56 -0.01200 -8.45203e+00 | 57 -0.01067 -1.35081e+01
 58 -0.03928 -1.08211e+01 | 59 -0.00252 -3.84684e+01 | 60 -0.02811 -3.59732e+01
 61  0.02603 -3.28642e+01 | 62 -0.00725 -1.36407e+01 | 63 -0.05899  9.44064e+01
 64 -0.01539 -6.81857e+01 | 65 -0.01862 -6.13092e+01 | 66  0.03759 -2.36796e+01
 67 -0.02183  6.58425e+00 | 68 -0.02522  3.46428e+00 | 69 -0.00302 -1.40564e+01
 70  0.02847 -8.36558e-01 | 71 -0.01357  5.69603e+00 | 72 -0.02321  5.80388e+01
 73 -0.04658  6.15713e+01 | 74 -0.01861 -3.17346e+00 | 75 -0.00392  6.70395e+00
 76 -0.02598 -4.60452e+00 | 77 -0.04983  2.56380e+01 | 78 -0.02088  5.48612e+00
 79 -0.02189 -1.39418e+01 | 80  0.01344  3.14050e+01 | 81  0.06091  2.85294e+02
 82 -0.03757  5.70158e+01 | 83 -0.00211  3.88741e+01 | 84  0.00092  6.23380e+01
 85 -0.02212  4.84901e+01 | 86 -0.07345  3.27467e+01 | 87  0.02388 -1.45261e+02
 88 -0.04706  2.46083e+01 | 89 -0.03213  8.75458e+01 | 90  0.01910  3.26362e+01
 91 -0.03427 -4.82854e+01 | 92  0.00111  6.71491e+00 | 93  0.00119  6.79750e+00
 94 -0.53612  1.40389e+01 | 95 -0.84306 -7.55075e+00 | 96 -0.96140 -5.30802e+01
 97 -0.21397  1.69031e+00 | 98 -0.15398  1.11222e+00 | 99 -0.30981 -2.60657e+00
100 -0.60361 -2.82690e+00 |101 -0.35917 -6.98588e+02 |102  0.18464 -1.42386e+00
103  0.05596 -7.38447e+03 |104  0.13513 -1.05687e+04 |105  0.24306 -1.97710e+03
106 -0.04969 -2.58507e-01 |107 -0.27567 -1.80944e+00 |108 -0.59771  5.31027e+01
109 -0.64595 -2.65829e+00 |110 -0.39754 -1.60271e+03 |111 -0.00000 -1.43234e-06
112  0.44088  5.33980e+02 |113 -0.13267 -5.08748e+03 |114  0.00071 -3.60490e-02
115 -0.49073  6.96264e+02 |116 -0.56633 -9.18606e+02 |117  0.10353  1.53945e+01
118  0.00640  2.64762e+04 |119 -0.46787  1.18174e+03 |120  0.15093  6.55981e+03
121  0.00000  1.11911e-38 |122  0.00039  1.92907e+03 |123 -0.00540 -9.21842e-01
124 -0.00000  1.69050e-03 |125 -0.00327 -4.18926e+00 |126 -0.59960  6.42218e-02
127 -0.30920  1.84406e+01 |128  0.00000  0.00000e+00 |129 -0.40678 -8.05154e+01
130 -0.00000 -2.80615e-09 |131 -0.69435  3.24007e+01 |132  0.00000  0.00000e+00
133  0.07588  3.27097e+02 |134  0.00000  0.00000e+00 |135  0.00188 -2.62799e+03
136 -0.39759  3.30672e+01 |137 -0.55383  6.80739e+02 |138 -0.71111 -2.13376e+02
139 -0.49360 -1.75929e+03 |140  0.32085  9.76366e-01 |141  0.10109 -1.52608e+01
142  0.00037  4.02226e+03 |143  0.00887  4.44167e+04 |144  0.00000  0.00000e+00
145 -0.48580  1.88821e+02 |146 -0.00000 -2.80615e-09 |147 -0.58775 -2.69476e+02
148  0.00000  0.00000e+00 |149  0.17024  4.95243e+00 |150  0.00000  0.00000e+00
151  0.00709  7.86881e+03 |
151 variables; iteration 80; function evaluation 91; phase 3
Function value 6.5165981e+03; maximum gradient component mag 3.6371e+04
Var    Value     Gradient |Var    Value     Gradient |Var    Value     Gradient
  1 -0.06299  8.66039e+02 |  2 -0.06418 -4.49246e+02 |  3 -0.04607  1.39851e+03
  4 -0.03950  5.38023e+02 |  5  0.00312 -1.34525e+03 |  6 -0.01686 -1.47584e+03
  7 -0.04116 -3.40773e+02 |  8 -0.07531  1.08952e+03 |  9 -0.02231 -1.64579e+02
 10 -0.05395  3.97559e+02 | 11 -0.05156  4.56509e+02 | 12 -0.03223 -1.28799e+02
 13 -0.02695 -2.32381e+02 | 14 -0.05153  1.66542e+02 | 15  0.01351 -2.41580e+02
 16 -0.03430  4.01707e+02 | 17 -0.06437  1.88790e+03 | 18 -0.01354 -7.67571e+02
 19 -0.01987 -1.05767e+02 | 20 -0.02323  4.18745e+02 | 21 -0.01086  8.83567e+02
 22 -0.01425  4.85142e+02 | 23  0.00329  9.60524e+02 | 24 -0.05250  1.41547e+02
 25 -0.01519 -5.74797e+01 | 26 -0.05646  7.26538e+01 | 27 -0.02489  2.09420e+02
 28 -0.06192  7.40918e+01 | 29 -0.02173  2.84566e+02 | 30 -0.05773 -4.93676e+01
 31 -0.00505  6.93650e+01 | 32 -0.02273 -5.25365e+00 | 33 -0.01299 -2.23531e+02
 34 -0.04301 -2.92063e+02 | 35 -0.06365 -5.57770e+01 | 36 -0.00076 -6.29015e+02
 37 -0.07142  9.33594e+01 | 38 -0.01004 -2.05714e+02 | 39 -0.05056  3.66060e+01
 40 -0.01764  2.65879e+02 | 41  0.00150  1.84433e+02 | 42  0.00070  1.86087e+02
 43 -0.04400  1.53767e+02 | 44 -0.06703  1.62703e+02 | 45 -0.01933  1.15275e+02
 46 -0.04279  3.88455e+01 | 47 -0.04513  2.04316e+02 | 48 -0.09769  2.23293e+01
 49 -0.02618 -4.16623e+01 | 50 -0.05677 -6.08695e+01 | 51 -0.04228 -1.65505e+02
 52 -0.05843  3.69634e+00 | 53 -0.00999 -1.33246e+02 | 54 -0.01239 -1.25688e+02
 55 -0.01403 -1.05062e+02 | 56 -0.01103 -3.03605e+01 | 57 -0.01574 -1.40051e+02
 58 -0.03671 -8.56315e+00 | 59 -0.00700 -1.86088e+02 | 60 -0.03127 -1.34215e+02
 61  0.02309 -1.74988e+02 | 62 -0.00760 -8.46133e+01 | 63 -0.06279  3.29595e+01
 64 -0.01844 -1.56447e+02 | 65 -0.01868 -8.95926e+01 | 66  0.03467 -1.81658e+02
 67 -0.02297 -6.17355e+01 | 68 -0.02800 -9.19754e+01 | 69 -0.00736 -1.81300e+02
 70  0.02503 -2.16831e+02 | 71 -0.01335 -7.37298e+01 | 72 -0.02552 -7.25052e+01
 73 -0.05486 -1.03780e+02 | 74 -0.01844 -5.58464e+01 | 75 -0.00696 -1.20607e+02
 76 -0.02832 -8.71778e+01 | 77 -0.04909  1.25673e+01 | 78 -0.02683 -1.35558e+02
 79 -0.02203 -4.56198e+01 | 80  0.01005 -6.70148e+01 | 81  0.05776  7.91948e+01
 82 -0.04081 -5.54519e+00 | 83 -0.00523 -6.60619e+01 | 84 -0.00023  1.38732e+01
 85 -0.02222  1.95730e+00 | 86 -0.07748 -1.85633e+01 | 87  0.02280 -2.08176e+02
 88 -0.05054 -4.09620e+01 | 89 -0.03257  6.17036e+01 | 90  0.02000  9.63996e+01
 91 -0.01803  1.97736e+01 | 92  0.00830  1.55241e+01 | 93  0.00839  1.54704e+01
 94 -0.39009  1.32358e+01 | 95 -0.97864 -1.01140e+02 | 96 -0.78730 -4.00772e+00
 97 -0.75168 -7.39267e+00 | 98 -0.30145 -1.23988e+00 | 99  0.16746  1.91760e+00
100 -0.75360 -5.70056e+00 |101 -0.35871 -1.11031e+03 |102  0.12477 -1.13265e-01
103  0.05677 -5.50480e+03 |104  0.13615 -9.03364e+03 |105  0.24376 -1.50112e+03
106 -0.00628  5.47463e-02 |107 -0.02154  5.27674e+00 |108 -0.60177 -1.59865e+03
109 -0.95863  1.59317e+00 |110 -0.39211 -1.26852e+03 |111 -0.00000 -1.27842e-06
112  0.44407  5.86950e+02 |113 -0.13394 -3.91062e+03 |114  0.00611 -3.92549e-02
115 -0.50570  5.38411e+02 |116 -0.56931 -7.14308e+02 |117  0.05477 -2.46630e+01
118  0.00600  2.19889e+04 |119 -0.47299  8.05631e+02 |120  0.15033  5.78303e+03
121  0.00000 -6.31260e-39 |122  0.00004  1.82584e+03 |123  0.14279  3.96675e+01
124 -0.00008  6.27029e-04 |125  0.20206 -1.20948e+00 |126 -0.60477 -4.04881e+00
127 -0.26932  1.38844e+01 |128  0.00000  0.00000e+00 |129 -0.15157  1.16791e+01
130 -0.00000 -2.23064e-10 |131 -0.67718  6.12351e+01 |132  0.00000  0.00000e+00
133  0.07676  5.16619e+02 |134  0.00000  0.00000e+00 |135 -0.00309 -2.59151e+03
136 -0.45045 -5.04630e+01 |137 -0.60940  4.28996e+02 |138 -0.71247 -5.39784e+01
139 -0.50283 -1.45545e+03 |140  0.92011  2.48961e+01 |141  0.17888  3.86121e+00
142  0.00104  3.28040e+03 |143  0.00818  3.63711e+04 |144  0.00000  0.00000e+00
145 -0.50810  1.48925e+02 |146 -0.00000 -2.23064e-10 |147 -0.57304 -1.58880e+02
148  0.00000  0.00000e+00 |149  0.07934 -3.96974e+01 |150  0.00000  0.00000e+00
151  0.00708  6.77110e+03 |
Maximum number of function evaluations exceeded

 - final statistics:
151 variables; iteration 88; function evaluation 100
Function value 6.4555e+03; maximum gradient component mag 2.9961e+04
Exit code = 3;  converg criter 1.0000e+00
Var    Value     Gradient |Var    Value     Gradient |Var    Value     Gradient
  1 -0.07263  1.63206e+03 |  2 -0.04555 -5.88662e+02 |  3 -0.04462  1.32948e+03
  4 -0.03512  4.79653e+02 |  5  0.00983 -1.09851e+03 |  6 -0.00997 -1.15429e+03
  7 -0.03653 -3.11769e+02 |  8 -0.07253  1.00355e+03 |  9 -0.01677 -1.41855e+02
 10 -0.04832  4.48441e+02 | 11 -0.04666  3.78439e+02 | 12 -0.02622 -1.66721e+02
 13 -0.02049 -8.40644e+01 | 14 -0.04499  2.85375e+02 | 15  0.01952 -1.48964e+02
 16 -0.02779  4.35534e+02 | 17 -0.06033  1.70917e+03 | 18 -0.00612 -5.08824e+02
 19 -0.01296  6.98982e+01 | 20 -0.01656  5.27068e+02 | 21 -0.00631  8.32592e+02
 22 -0.00535  7.73861e+02 | 23  0.01114  1.31800e+03 | 24 -0.04872  1.79781e+02
 25 -0.00180  4.15532e+01 | 26 -0.07359 -1.32351e+01 | 27 -0.01214  2.19477e+02
 28 -0.05176  9.52910e+01 | 29 -0.01395  2.82554e+02 | 30 -0.04837 -5.69496e+01
 31 -0.00376 -6.69896e+01 | 32 -0.00760  5.74270e+01 | 33 -0.01385 -1.74039e+02
 34 -0.02633 -1.11481e+02 | 35 -0.05660  2.61454e+01 | 36  0.00701 -5.36318e+02
 37 -0.06406  1.48117e+02 | 38 -0.00098 -1.75744e+02 | 39 -0.05812 -5.22687e+02
 40 -0.00985  3.17321e+02 | 41  0.01733  7.03766e+02 | 42  0.00423  2.24419e+02
 43 -0.03481  2.25232e+02 | 44 -0.05799  2.42852e+02 | 45 -0.00769  3.92086e+02
 46 -0.03481  1.31208e+02 | 47 -0.04291  1.25966e+02 | 48 -0.08807  5.15859e+01
 49 -0.01811  2.74078e+01 | 50 -0.05330 -1.68608e+02 | 51 -0.04143 -4.17568e+02
 52 -0.05414 -8.12449e+01 | 53  0.00959  3.13196e+02 | 54 -0.00726 -1.82240e+02
 55 -0.01100 -3.03906e+02 | 56 -0.00803 -2.85079e+02 | 57 -0.01479 -4.03129e+02
 58 -0.03093 -1.46341e+02 | 59 -0.00692 -4.25385e+02 | 60 -0.01920 -1.09477e+02
 61  0.02886 -1.17861e+02 | 62  0.01121  2.28985e+02 | 63 -0.05201  1.47803e+02
 64 -0.00320  1.12739e+02 | 65 -0.00768  2.58601e+01 | 66  0.04011 -2.05493e+02
 67 -0.01387 -9.77651e+00 | 68 -0.01617  1.49462e+01 | 69  0.00216 -1.00831e+02
 70  0.03241 -2.07822e+02 | 71 -0.00905 -1.32349e+02 | 72 -0.02043 -1.23692e+02
 73 -0.04363 -7.98235e+01 | 74 -0.01527 -1.93245e+02 | 75 -0.00288 -2.30473e+02
 76 -0.01644 -7.66828e+00 | 77 -0.03805  1.37657e+02 | 78 -0.00871  1.79201e+02
 79 -0.01762 -1.14164e+02 | 80  0.00661 -4.11319e+02 | 81  0.06357 -2.97461e+01
 82 -0.01837  1.08436e+02 | 83 -0.00368 -1.47084e+02 | 84  0.00648  4.63016e+01
 85 -0.00574  2.59144e+02 | 86 -0.07139  5.29631e+00 | 87  0.02654 -3.37102e+02
 88 -0.03555  6.78589e+01 | 89 -0.02922 -2.57280e+00 | 90  0.01306 -3.21626e+02
 91 -0.00549  8.51265e+01 | 92  0.02544  3.30701e+01 | 93  0.02559  3.34645e+01
 94 -0.45701  1.28887e+01 | 95 -0.95675 -4.49382e+01 | 96 -0.75099 -2.59002e+00
 97 -1.07427  2.12994e+01 | 98 -0.42952 -3.56226e+00 | 99  0.59666  1.92023e+00
100 -0.87427 -1.30354e+01 |101 -0.35904  2.70667e+02 |102  0.05307 -4.90296e-02
103  0.05703 -5.10319e+03 |104  0.13714 -6.65073e+03 |105  0.24413 -9.47753e+02
106  0.03554  2.79734e-01 |107  0.20747  5.36128e+00 |108 -0.60255 -3.08088e+03
109 -1.08419 -4.01646e+00 |110 -0.40903 -1.51907e+03 |111 -0.00000 -1.69425e-06
112  0.44593  4.42832e+02 |113 -0.12661 -4.00522e+03 |114  0.01147 -5.82429e-02
115 -0.50337  4.24342e+02 |116 -0.58513 -1.07855e+03 |117  0.22911  8.50314e+00
118  0.00476  1.65401e+04 |119 -0.47889  7.60297e+02 |120  0.14946  5.48981e+03
121  0.00000 -1.90535e-39 |122  0.00222  1.92241e+03 |123  0.17705  3.17700e+02
124 -0.00017 -8.45636e-04 |125  0.43452  2.62363e+00 |126 -0.59716 -9.18224e-02
127 -0.48521 -7.30729e+00 |128  0.00000  0.00000e+00 |129 -0.27820 -3.80197e+01
130  0.00000  2.22483e-09 |131 -0.68433  6.95821e+01 |132  0.00000  0.00000e+00
133  0.07692  6.08468e+02 |134  0.00000  0.00000e+00 |135  0.00002 -2.27730e+03
136 -0.37671  5.92081e+01 |137 -0.57180  4.01090e+02 |138 -0.71887 -5.34424e+02
139 -0.50559 -1.34431e+03 |140  1.19998 -9.67442e+00 |141  0.25930  2.76634e+00
142 -0.00071  2.91967e+03 |143  0.00649  2.99609e+04 |144  0.00000  0.00000e+00
145 -0.50382  1.23215e+02 |146  0.00000  2.22483e-09 |147 -0.56533 -9.36133e+01
148  0.00000  0.00000e+00 |149  0.23934  5.25393e+00 |150  0.00000  0.00000e+00
151  0.00631  5.69061e+03 |

Initial statistics: 211 variables; iteration 0; function evaluation 0; phase 4
Function value 6.4555432e+03; maximum gradient component mag 2.9961e+04
Var    Value     Gradient |Var    Value     Gradient |Var    Value     Gradient
  1 -0.07263  1.63206e+03 |  2  0.00000 -1.84970e-02 |  3  0.00000 -2.30588e-02
  4  0.00000 -2.88332e-02 |  5  0.00000 -3.62362e-02 |  6  0.00000 -4.59506e-02
  7  0.00000 -5.92652e-02 |  8  0.00000 -7.90332e-02 |  9  0.00000 -1.12287e-01
 10  0.00000 -1.71680e-01 | 11  0.00000 -2.14895e-01 | 12  0.00000 -1.83594e-01
 13  0.00000 -1.81951e-01 | 14  0.00000  3.13027e+00 | 15  0.00000  2.17026e+00
 16  0.00000  1.45265e+00 | 17  0.00000  9.41526e-01 | 18  0.00000  5.59214e-01
 19  0.00000  2.50611e-01 | 20  0.00000 -2.46711e-02 | 21  0.00000 -3.01971e-01
 22  0.00000 -5.76815e-01 | 23  0.00000 -8.58463e-01 | 24  0.00000 -1.11931e+00
 25  0.00000 -1.50499e+00 | 26  0.00000 -1.96439e+00 | 27  0.00000 -2.43302e+00
 28  0.00000 -3.00488e+00 | 29  0.00000 -3.70671e+00 | 30  0.00000 -4.55792e+00
 31  0.00000 -5.55821e+00 | 32  0.00000 -6.79167e+00 | 33  0.00000 -8.40982e+00
 34  0.00000 -1.01962e+01 | 35  0.00000 -1.25165e+01 | 36  0.00000 -1.51924e+01
 37  0.00000 -1.77617e+01 | 38  0.00000 -1.92744e+01 | 39  0.00000 -1.62486e+01
 40  0.00000 -4.95759e-01 | 41  0.00000  4.30251e+01 | 42  0.00000  1.08377e+02
 43  0.00000  6.59313e+01 | 44  0.00000 -2.18590e+02 | 45  0.00000 -1.53338e+02
 46  0.00000 -1.73057e+03 | 47 -0.04555 -5.88662e+02 | 48 -0.04462  1.32948e+03
 49 -0.03512  4.79653e+02 | 50  0.00983 -1.09851e+03 | 51 -0.00997 -1.15429e+03
 52 -0.03653 -3.11769e+02 | 53 -0.07253  1.00355e+03 | 54 -0.01677 -1.41855e+02
 55 -0.04832  4.48441e+02 | 56 -0.04666  3.78439e+02 | 57 -0.02622 -1.66721e+02
 58 -0.02049 -8.40644e+01 | 59 -0.04499  2.85375e+02 | 60  0.01952 -1.48964e+02
 61 -0.02779  4.35534e+02 | 62 -0.06033  1.70917e+03 | 63 -0.00612 -5.08824e+02
 64 -0.01296  6.98982e+01 | 65 -0.01656  5.27068e+02 | 66 -0.00631  8.32592e+02
 67 -0.00535  7.73861e+02 | 68  0.01114  1.31800e+03 | 69 -0.04872  1.79781e+02
 70 -0.00180  4.15532e+01 | 71 -0.07359 -1.32351e+01 | 72 -0.01214  2.19477e+02
 73 -0.05176  9.52910e+01 | 74 -0.01395  2.82554e+02 | 75 -0.04837 -5.69496e+01
 76 -0.00376 -6.69896e+01 | 77 -0.00760  5.74270e+01 | 78 -0.01385 -1.74039e+02
 79 -0.02633 -1.11481e+02 | 80 -0.05660  2.61454e+01 | 81  0.00701 -5.36318e+02
 82 -0.06406  1.48117e+02 | 83 -0.00098 -1.75744e+02 | 84 -0.05812 -5.22687e+02
 85 -0.00985  3.17321e+02 | 86  0.01733  7.03766e+02 | 87  0.00423  2.24419e+02
 88 -0.03481  2.25232e+02 | 89 -0.05799  2.42852e+02 | 90 -0.00769  3.92086e+02
 91 -0.03481  1.31208e+02 | 92 -0.04291  1.25966e+02 | 93 -0.08807  5.15859e+01
 94 -0.01811  2.74078e+01 | 95 -0.05330 -1.68608e+02 | 96 -0.04143 -4.17568e+02
 97 -0.05414 -8.12449e+01 | 98  0.00959  3.13196e+02 | 99 -0.00726 -1.82240e+02
100 -0.01100 -3.03906e+02 |101 -0.00803 -2.85079e+02 |102 -0.01479 -4.03129e+02
103 -0.03093 -1.46341e+02 |104 -0.00692 -4.25385e+02 |105 -0.01920 -1.09477e+02
106  0.02886 -1.17861e+02 |107  0.01121  2.28985e+02 |108 -0.05201  1.47803e+02
109 -0.00320  1.12739e+02 |110 -0.00768  2.58601e+01 |111  0.04011 -2.05493e+02
112 -0.01387 -9.77651e+00 |113 -0.01617  1.49462e+01 |114  0.00216 -1.00831e+02
115  0.03241 -2.07822e+02 |116 -0.00905 -1.32349e+02 |117 -0.02043 -1.23692e+02
118 -0.04363 -7.98235e+01 |119 -0.01527 -1.93245e+02 |120 -0.00288 -2.30473e+02
121 -0.01644 -7.66828e+00 |122 -0.03805  1.37657e+02 |123 -0.00871  1.79201e+02
124 -0.01762 -1.14164e+02 |125  0.00661 -4.11319e+02 |126  0.06357 -2.97461e+01
127 -0.01837  1.08436e+02 |128 -0.00368 -1.47084e+02 |129  0.00648  4.63016e+01
130 -0.00574  2.59144e+02 |131 -0.07139  5.29631e+00 |132  0.02654 -3.37102e+02
133 -0.03555  6.78589e+01 |134 -0.02922 -2.57280e+00 |135  0.01306 -3.21626e+02
136 -0.00549  8.51265e+01 |137  0.02544  3.30701e+01 |138  0.02559  3.34645e+01
139 -0.45701  1.28887e+01 |140 -0.95675 -4.49382e+01 |141 -0.75099 -2.59002e+00
142 -0.92573 -2.12994e+01 |143 -0.42952 -3.56226e+00 |144  0.59666  1.92023e+00
145 -0.87427 -1.30354e+01 |146 -0.35904  2.70667e+02 |147  0.05307 -4.90296e-02
148  0.05703 -5.10319e+03 |149  0.13714 -6.65073e+03 |150  0.24413 -9.47753e+02
151  0.03554  2.79734e-01 |152  0.20747  5.36128e+00 |153 -0.60255 -3.08088e+03
154 -0.91581  4.01646e+00 |155  0.00023  1.74023e+03 |156 -0.00336 -5.76882e+03
157 -0.02088 -4.19966e+03 |158  0.06969 -2.92853e+01 |159  0.76092  1.56355e+01
160 -0.40903 -1.51907e+03 |161 -0.00000 -1.69425e-06 |162  0.44593  4.42832e+02
163 -0.12661 -4.00522e+03 |164  0.01147 -5.82429e-02 |165 -0.50337  4.24342e+02
166 -0.58513 -1.07855e+03 |167  0.22911  8.50314e+00 |168  0.00476  1.65401e+04
169  0.04298 -2.09468e+03 |170  0.03582 -3.49307e+01 |171 -0.00697 -1.64919e+04
172 -0.00007 -1.81634e-02 |173  0.87255  6.26778e+01 |174 -0.47889  7.60297e+02
175  0.14946  5.48981e+03 |176  0.00000  5.86229e-39 |177  0.00222  1.92241e+03
178  0.17705  3.17700e+02 |179 -0.00017 -8.45636e-04 |180  0.43452  2.62363e+00
181 -0.59716 -9.18224e-02 |182 -0.48521 -7.30729e+00 |183 -0.00713  1.25569e+03
184 -0.00000 -5.61243e-10 |185  0.00678  2.72982e+03 |186 -0.04985  9.20338e-01
187  0.80957 -3.48927e+00 |188  0.00000  0.00000e+00 |189 -0.27820 -3.80197e+01
190  0.00000  2.22483e-09 |191 -0.68433  6.95821e+01 |192  0.00000  0.00000e+00
193  0.07692  6.08468e+02 |194  0.00000  0.00000e+00 |195  0.00002 -2.27730e+03
196 -0.37671  5.92081e+01 |197 -0.57180  4.01090e+02 |198 -0.71887 -5.34424e+02
199 -0.50559 -1.34431e+03 |200  0.80002  9.67442e+00 |201  0.25930  2.76634e+00
202 -0.00071  2.91967e+03 |203  0.00649  2.99609e+04 |204  0.00000  0.00000e+00
205 -0.50382  1.23215e+02 |206  0.00000  2.22483e-09 |207 -0.56533 -9.36133e+01
208  0.00000  0.00000e+00 |209  0.23934  5.25393e+00 |210  0.00000  0.00000e+00
211  0.00631  5.69061e+03 |
